Component: ARM Compiler 5.06 update 7 (build 960) Tool: armlink [4d3601]

==============================================================================

Section Cross References

    startup_lpc17xx.o(STACK) refers (Special) to heapauxi.o(.text) for __use_two_region_memory
    startup_lpc17xx.o(HEAP) refers (Special) to heapauxi.o(.text) for __use_two_region_memory
    startup_lpc17xx.o(RESET) refers (Special) to heapauxi.o(.text) for __use_two_region_memory
    startup_lpc17xx.o(RESET) refers to startup_lpc17xx.o(STACK) for __initial_sp
    startup_lpc17xx.o(RESET) refers to startup_lpc17xx.o(.text) for Reset_Handler
    startup_lpc17xx.o(RESET) refers to irq_timer.o(.text) for TIMER0_IRQHandler
    startup_lpc17xx.o(RESET) refers to irq_button.o(.text) for EINT0_IRQHandler
    startup_lpc17xx.o(RESET) refers to irq_can.o(.text) for CAN_IRQHandler
    startup_lpc17xx.o(RESET) refers to irq_rit.o(.text) for RIT_IRQHandler
    startup_lpc17xx.o(.ARM.__at_0x02FC) refers (Special) to heapauxi.o(.text) for __use_two_region_memory
    startup_lpc17xx.o(.text) refers (Special) to heapauxi.o(.text) for __use_two_region_memory
    startup_lpc17xx.o(.text) refers to __main.o(!!!main) for __main
    startup_lpc17xx.o(.text) refers to startup_lpc17xx.o(HEAP) for Heap_Mem
    startup_lpc17xx.o(.text) refers to startup_lpc17xx.o(STACK) for Stack_Mem
    sample.o(.text) refers to system_lpc17xx.o(.text) for SystemInit
    sample.o(.text) refers to glcd.o(.text) for LCD_Initialization
    sample.o(.text) refers to lib_button.o(.text) for BUTTON_init
    sample.o(.text) refers to lib_joystick.o(.text) for joystick_init
    sample.o(.text) refers to lib_rit.o(.text) for init_RIT
    sample.o(.text) refers to lib_timer.o(.text) for init_timer
    sample.o(.text) refers to game.o(.text) for initial_screen
    system_lpc17xx.o(.text) refers to system_lpc17xx.o(.data) for SystemFrequency
    irq_timer.o(.text) refers to _printf_pad.o(.text) for _printf_pre_padding
    irq_timer.o(.text) refers to _printf_percent.o(.ARM.Collect$$_printf_percent$$00000000) for _printf_percent
    irq_timer.o(.text) refers to _printf_d.o(.ARM.Collect$$_printf_percent$$00000009) for _printf_d
    irq_timer.o(.text) refers to _printf_dec.o(.text) for _printf_int_dec
    irq_timer.o(.text) refers to game.o(.text) for reset_choice
    irq_timer.o(.text) refers to noretval__2sprintf.o(.text) for __2sprintf
    irq_timer.o(.text) refers to glcd.o(.text) for GUI_Text
    irq_timer.o(.text) refers to lib_timer.o(.text) for disable_timer
    irq_timer.o(.text) refers to irq_timer.o(.data) for timer0_count
    asciilib.o(.text) refers to rt_memcpy_v6.o(.text) for __aeabi_memcpy
    asciilib.o(.text) refers to asciilib.o(.constdata) for AsciiLib
    glcd.o(.text) refers to _printf_percent.o(.ARM.Collect$$_printf_percent$$00000000) for _printf_percent
    glcd.o(.text) refers to _printf_d.o(.ARM.Collect$$_printf_percent$$00000009) for _printf_d
    glcd.o(.text) refers to _printf_dec.o(.text) for _printf_int_dec
    glcd.o(.text) refers to glcd.o(.data) for LCD_Code
    glcd.o(.text) refers to asciilib.o(.text) for GetASCIICode
    glcd.o(.text) refers to noretval__2sprintf.o(.text) for __2sprintf
    glcd.o(.text) refers to lib_timer.o(.text) for enable_timer
    glcd.o(.text) refers to game.o(.bss) for game_mode
    hzlib.o(.text) refers to rt_memcpy_v6.o(.text) for __aeabi_memcpy
    hzlib.o(.text) refers to hzlib.o(.constdata) for HzLib
    irq_button.o(.text) refers to irq_rit.o(.data) for pressed
    irq_rit.o(.text) refers to game.o(.text) for color_mode
    irq_rit.o(.text) refers to irq_rit.o(.data) for up
    irq_rit.o(.text) refers to game.o(.bss) for game_mode
    irq_rit.o(.text) refers to game.o(.data) for move_mode
    irq_rit.o(.text) refers to irq_can.o(.data) for current_player_id
    irq_rit.o(.text) refers to lib_can.o(.text) for CAN_wrMsg
    irq_rit.o(.text) refers to lib_rit.o(.text) for disable_RIT
    irq_rit.o(.text) refers to lib_can.o(.bss) for CAN_TxMsg
    game.o(.text) refers to _printf_percent.o(.ARM.Collect$$_printf_percent$$00000000) for _printf_percent
    game.o(.text) refers to _printf_d.o(.ARM.Collect$$_printf_percent$$00000009) for _printf_d
    game.o(.text) refers to _printf_dec.o(.text) for _printf_int_dec
    game.o(.text) refers to lib_timer.o(.text) for disable_timer
    game.o(.text) refers to glcd.o(.text) for LCD_Clear
    game.o(.text) refers to game.o(.bss) for game_matrix
    game.o(.text) refers to game.o(.data) for move_mode
    game.o(.text) refers to irq_can.o(.data) for current_player_id
    game.o(.text) refers to strcmpv7m.o(.text) for strcmp
    game.o(.text) refers to strcpy.o(.text) for strcpy
    game.o(.text) refers to lib_can.o(.text) for CAN_Init
    game.o(.text) refers to irq_timer.o(.data) for timer0_count
    game.o(.text) refers to agent.o(.text) for perform_action
    game.o(.text) refers to rt_memcpy_w.o(.text) for __aeabi_memcpy4
    game.o(.text) refers to noretval__2sprintf.o(.text) for __2sprintf
    game.o(.text) refers to lib_can.o(.bss) for CAN_TxMsg
    game.o(.text) refers to utils.o(.text) for distance_to_goal
    irq_can.o(.text) refers to lib_can.o(.text) for CAN_rdMsg
    irq_can.o(.text) refers to game.o(.text) for game_setup
    irq_can.o(.text) refers to lib_can.o(.data) for icr
    irq_can.o(.text) refers to lib_can.o(.bss) for CAN_RxMsg
    irq_can.o(.text) refers to irq_can.o(.data) for current_player_id
    lib_can.o(.text) refers to lib_can.o(.data) for result
    lib_can.o(.text) refers to lib_can.o(.constdata) for CAN_BIT_TIME
    agent.o(.text) refers to rt_memcpy_w.o(.text) for __aeabi_memcpy4
    agent.o(.text) refers to game.o(.bss) for game_matrix
    agent.o(.text) refers to game.o(.text) for convert_index_bts
    agent.o(.text) refers to qsortnoex.o(.text) for qsort
    agent.o(.text) refers to utils.o(.text) for distance_to_goal
    agent.o(.text) refers to game.o(.data) for maximizing
    agent.o(.text) refers to agent.o(.data) for prunes
    agent.o(.text) refers to evaluation.o(.text) for evaluate
    evaluation.o(.text) refers to utils.o(.text) for distance_to_goal
    evaluation.o(.text) refers to game.o(.bss) for p1
    evaluation.o(.text) refers to game.o(.data) for maximizing
    utils.o(.text) refers to strlen.o(.text) for strlen
    utils.o(.text) refers to game.o(.text) for get_possible_moves
    utils.o(.text) refers to utils.o(.data) for head
    utils.o(.text) refers to utils.o(.bss) for q
    __2sprintf.o(.text) refers to _printf_char_common.o(.text) for _printf_char_common
    __2sprintf.o(.text) refers to _sputc.o(.text) for _sputc
    noretval__2sprintf.o(.text) refers to _printf_char_common.o(.text) for _printf_char_common
    noretval__2sprintf.o(.text) refers to _sputc.o(.text) for _sputc
    __printf.o(.text) refers to _printf_percent.o(.ARM.Collect$$_printf_percent$$00000000) for _printf_percent
    _printf_dec.o(.text) refers to _printf_intcommon.o(.text) for _printf_int_common
    __printf_flags.o(.text) refers to _printf_percent.o(.ARM.Collect$$_printf_percent$$00000000) for _printf_percent
    __printf_flags.o(.text) refers to __printf_flags.o(.constdata) for .constdata
    __printf_ss.o(.text) refers to _printf_percent.o(.ARM.Collect$$_printf_percent$$00000000) for _printf_percent
    __printf_flags_ss.o(.text) refers to _printf_percent.o(.ARM.Collect$$_printf_percent$$00000000) for _printf_percent
    __printf_flags_ss.o(.text) refers to __printf_flags_ss.o(.constdata) for .constdata
    __printf_wp.o(.text) refers to __printf_wp.o(i._is_digit) for _is_digit
    __printf_wp.o(.text) refers to _printf_percent.o(.ARM.Collect$$_printf_percent$$00000000) for _printf_percent
    __printf_flags_wp.o(.text) refers to __printf_wp.o(i._is_digit) for _is_digit
    __printf_flags_wp.o(.text) refers to _printf_percent.o(.ARM.Collect$$_printf_percent$$00000000) for _printf_percent
    __printf_flags_wp.o(.text) refers to __printf_flags_wp.o(.constdata) for .constdata
    __printf_ss_wp.o(.text) refers to __printf_wp.o(i._is_digit) for _is_digit
    __printf_ss_wp.o(.text) refers to _printf_percent.o(.ARM.Collect$$_printf_percent$$00000000) for _printf_percent
    __printf_flags_ss_wp.o(.text) refers to __printf_wp.o(i._is_digit) for _is_digit
    __printf_flags_ss_wp.o(.text) refers to _printf_percent.o(.ARM.Collect$$_printf_percent$$00000000) for _printf_percent
    __printf_flags_ss_wp.o(.text) refers to __printf_flags_ss_wp.o(.constdata) for .constdata
    _printf_d.o(.ARM.Collect$$_printf_percent$$00000009) refers (Weak) to _printf_dec.o(.text) for _printf_int_dec
    _printf_percent.o(.ARM.Collect$$_printf_percent$$00000000) refers (Special) to _printf_percent_end.o(.ARM.Collect$$_printf_percent$$00000017) for _printf_percent_end
    rt_memcpy_v6.o(.text) refers to rt_memcpy_w.o(.text) for __aeabi_memcpy4
    __main.o(!!!main) refers to __rtentry.o(.ARM.Collect$$rtentry$$00000000) for __rt_entry
    __rtentry.o(.ARM.Collect$$rtentry$$00000000) refers (Special) to __rtentry2.o(.ARM.Collect$$rtentry$$0000000A) for __rt_entry_li
    __rtentry.o(.ARM.Collect$$rtentry$$00000000) refers (Special) to __rtentry2.o(.ARM.Collect$$rtentry$$0000000D) for __rt_entry_main
    __rtentry.o(.ARM.Collect$$rtentry$$00000000) refers (Special) to __rtentry2.o(.ARM.Collect$$rtentry$$0000000C) for __rt_entry_postli_1
    __rtentry.o(.ARM.Collect$$rtentry$$00000000) refers (Special) to __rtentry2.o(.ARM.Collect$$rtentry$$00000009) for __rt_entry_postsh_1
    __rtentry.o(.ARM.Collect$$rtentry$$00000000) refers (Special) to __rtentry2.o(.ARM.Collect$$rtentry$$00000002) for __rt_entry_presh_1
    __rtentry.o(.ARM.Collect$$rtentry$$00000000) refers (Special) to __rtentry4.o(.ARM.Collect$$rtentry$$00000004) for __rt_entry_sh
    _printf_intcommon.o(.text) refers (Weak) to _printf_pad.o(.text) for _printf_pre_padding
    _printf_intcommon.o(.text) refers (Weak) to _printf_pad.o(.text) for _printf_pre_padding
    _printf_intcommon.o(.text) refers (Weak) to _printf_pad.o(.text) for _printf_post_padding
    _printf_char_common.o(.text) refers to __printf_flags_wp.o(.text) for __printf
    __rtentry2.o(.ARM.Collect$$rtentry$$00000008) refers to boardinit2.o(.text) for _platform_post_stackheap_init
    __rtentry2.o(.ARM.Collect$$rtentry$$0000000A) refers to libinit.o(.ARM.Collect$$libinit$$00000000) for __rt_lib_init
    __rtentry2.o(.ARM.Collect$$rtentry$$0000000B) refers to boardinit3.o(.text) for _platform_post_lib_init
    __rtentry2.o(.ARM.Collect$$rtentry$$0000000D) refers to sample.o(.text) for main
    __rtentry2.o(.ARM.Collect$$rtentry$$0000000D) refers to exit.o(.text) for exit
    __rtentry2.o(.ARM.exidx) refers to __rtentry2.o(.ARM.Collect$$rtentry$$00000001) for .ARM.Collect$$rtentry$$00000001
    __rtentry2.o(.ARM.exidx) refers to __rtentry2.o(.ARM.Collect$$rtentry$$00000008) for .ARM.Collect$$rtentry$$00000008
    __rtentry2.o(.ARM.exidx) refers to __rtentry2.o(.ARM.Collect$$rtentry$$0000000A) for .ARM.Collect$$rtentry$$0000000A
    __rtentry2.o(.ARM.exidx) refers to __rtentry2.o(.ARM.Collect$$rtentry$$0000000B) for .ARM.Collect$$rtentry$$0000000B
    __rtentry2.o(.ARM.exidx) refers to __rtentry2.o(.ARM.Collect$$rtentry$$0000000D) for .ARM.Collect$$rtentry$$0000000D
    __rtentry4.o(.ARM.Collect$$rtentry$$00000004) refers to sys_stackheap_outer.o(.text) for __user_setup_stackheap
    __rtentry4.o(.ARM.exidx) refers to __rtentry4.o(.ARM.Collect$$rtentry$$00000004) for .ARM.Collect$$rtentry$$00000004
    sys_stackheap_outer.o(.text) refers to libspace.o(.text) for __user_perproc_libspace
    sys_stackheap_outer.o(.text) refers to startup_lpc17xx.o(.text) for __user_initial_stackheap
    exit.o(.text) refers to rtexit.o(.ARM.Collect$$rtexit$$00000000) for __rt_exit
    libinit.o(.ARM.Collect$$libinit$$00000000) refers (Special) to libinit2.o(.ARM.Collect$$libinit$$0000002E) for __rt_lib_init_alloca_1
    libinit.o(.ARM.Collect$$libinit$$00000000) refers (Special) to libinit2.o(.ARM.Collect$$libinit$$0000002C) for __rt_lib_init_argv_1
    libinit.o(.ARM.Collect$$libinit$$00000000) refers (Special) to libinit2.o(.ARM.Collect$$libinit$$0000001B) for __rt_lib_init_atexit_1
    libinit.o(.ARM.Collect$$libinit$$00000000) refers (Special) to libinit2.o(.ARM.Collect$$libinit$$00000021) for __rt_lib_init_clock_1
    libinit.o(.ARM.Collect$$libinit$$00000000) refers (Special) to libinit2.o(.ARM.Collect$$libinit$$00000032) for __rt_lib_init_cpp_1
    libinit.o(.ARM.Collect$$libinit$$00000000) refers (Special) to libinit2.o(.ARM.Collect$$libinit$$00000030) for __rt_lib_init_exceptions_1
    libinit.o(.ARM.Collect$$libinit$$00000000) refers (Special) to libinit2.o(.ARM.Collect$$libinit$$00000002) for __rt_lib_init_fp_1
    libinit.o(.ARM.Collect$$libinit$$00000000) refers (Special) to libinit2.o(.ARM.Collect$$libinit$$0000001F) for __rt_lib_init_fp_trap_1
    libinit.o(.ARM.Collect$$libinit$$00000000) refers (Special) to libinit2.o(.ARM.Collect$$libinit$$00000023) for __rt_lib_init_getenv_1
    libinit.o(.ARM.Collect$$libinit$$00000000) refers (Special) to libinit2.o(.ARM.Collect$$libinit$$0000000A) for __rt_lib_init_heap_1
    libinit.o(.ARM.Collect$$libinit$$00000000) refers (Special) to libinit2.o(.ARM.Collect$$libinit$$00000011) for __rt_lib_init_lc_collate_1
    libinit.o(.ARM.Collect$$libinit$$00000000) refers (Special) to libinit2.o(.ARM.Collect$$libinit$$00000013) for __rt_lib_init_lc_ctype_1
    libinit.o(.ARM.Collect$$libinit$$00000000) refers (Special) to libinit2.o(.ARM.Collect$$libinit$$00000015) for __rt_lib_init_lc_monetary_1
    libinit.o(.ARM.Collect$$libinit$$00000000) refers (Special) to libinit2.o(.ARM.Collect$$libinit$$00000017) for __rt_lib_init_lc_numeric_1
    libinit.o(.ARM.Collect$$libinit$$00000000) refers (Special) to libinit2.o(.ARM.Collect$$libinit$$00000019) for __rt_lib_init_lc_time_1
    libinit.o(.ARM.Collect$$libinit$$00000000) refers (Special) to libinit2.o(.ARM.Collect$$libinit$$00000004) for __rt_lib_init_preinit_1
    libinit.o(.ARM.Collect$$libinit$$00000000) refers (Special) to libinit2.o(.ARM.Collect$$libinit$$0000000E) for __rt_lib_init_rand_1
    libinit.o(.ARM.Collect$$libinit$$00000000) refers (Special) to libinit2.o(.ARM.Collect$$libinit$$00000033) for __rt_lib_init_return
    libinit.o(.ARM.Collect$$libinit$$00000000) refers (Special) to libinit2.o(.ARM.Collect$$libinit$$0000001D) for __rt_lib_init_signal_1
    libinit.o(.ARM.Collect$$libinit$$00000000) refers (Special) to libinit2.o(.ARM.Collect$$libinit$$00000025) for __rt_lib_init_stdio_1
    libinit.o(.ARM.Collect$$libinit$$00000000) refers (Special) to libinit2.o(.ARM.Collect$$libinit$$0000000C) for __rt_lib_init_user_alloc_1
    libspace.o(.text) refers to libspace.o(.bss) for __libspace_start
    rtexit.o(.ARM.Collect$$rtexit$$00000000) refers (Special) to rtexit2.o(.ARM.Collect$$rtexit$$00000004) for __rt_exit_exit
    rtexit.o(.ARM.Collect$$rtexit$$00000000) refers (Special) to rtexit2.o(.ARM.Collect$$rtexit$$00000003) for __rt_exit_ls
    rtexit.o(.ARM.Collect$$rtexit$$00000000) refers (Special) to rtexit2.o(.ARM.Collect$$rtexit$$00000002) for __rt_exit_prels_1
    rtexit.o(.ARM.exidx) refers (Special) to rtexit2.o(.ARM.Collect$$rtexit$$00000004) for __rt_exit_exit
    rtexit.o(.ARM.exidx) refers (Special) to rtexit2.o(.ARM.Collect$$rtexit$$00000003) for __rt_exit_ls
    rtexit.o(.ARM.exidx) refers (Special) to rtexit2.o(.ARM.Collect$$rtexit$$00000002) for __rt_exit_prels_1
    rtexit.o(.ARM.exidx) refers to rtexit.o(.ARM.Collect$$rtexit$$00000000) for .ARM.Collect$$rtexit$$00000000
    libinit2.o(.ARM.Collect$$libinit$$00000010) refers to libinit2.o(.ARM.Collect$$libinit$$0000000F) for .ARM.Collect$$libinit$$0000000F
    libinit2.o(.ARM.Collect$$libinit$$00000012) refers to libinit2.o(.ARM.Collect$$libinit$$0000000F) for .ARM.Collect$$libinit$$0000000F
    libinit2.o(.ARM.Collect$$libinit$$00000014) refers to libinit2.o(.ARM.Collect$$libinit$$0000000F) for .ARM.Collect$$libinit$$0000000F
    libinit2.o(.ARM.Collect$$libinit$$00000016) refers to libinit2.o(.ARM.Collect$$libinit$$0000000F) for .ARM.Collect$$libinit$$0000000F
    libinit2.o(.ARM.Collect$$libinit$$00000018) refers to libinit2.o(.ARM.Collect$$libinit$$0000000F) for .ARM.Collect$$libinit$$0000000F
    libinit2.o(.ARM.Collect$$libinit$$00000026) refers to argv_veneer.o(.emb_text) for __ARM_argv_veneer
    libinit2.o(.ARM.Collect$$libinit$$00000027) refers to argv_veneer.o(.emb_text) for __ARM_argv_veneer
    rtexit2.o(.ARM.Collect$$rtexit$$00000003) refers to libshutdown.o(.ARM.Collect$$libshutdown$$00000000) for __rt_lib_shutdown
    rtexit2.o(.ARM.Collect$$rtexit$$00000004) refers to sys_exit.o(.text) for _sys_exit
    rtexit2.o(.ARM.exidx) refers to rtexit2.o(.ARM.Collect$$rtexit$$00000001) for .ARM.Collect$$rtexit$$00000001
    rtexit2.o(.ARM.exidx) refers to rtexit2.o(.ARM.Collect$$rtexit$$00000003) for .ARM.Collect$$rtexit$$00000003
    rtexit2.o(.ARM.exidx) refers to rtexit2.o(.ARM.Collect$$rtexit$$00000004) for .ARM.Collect$$rtexit$$00000004
    argv_veneer.o(.emb_text) refers to no_argv.o(.text) for __ARM_get_argv
    sys_exit.o(.text) refers (Special) to use_no_semi.o(.text) for __I$use$semihosting
    sys_exit.o(.text) refers (Special) to indicate_semi.o(.text) for __semihosting_library_function
    _get_argv_nomalloc.o(.text) refers (Special) to hrguard.o(.text) for __heap_region$guard
    _get_argv_nomalloc.o(.text) refers to defsig_rtmem_outer.o(.text) for __rt_SIGRTMEM
    _get_argv_nomalloc.o(.text) refers to sys_command.o(.text) for _sys_command_string
    libshutdown.o(.ARM.Collect$$libshutdown$$00000000) refers (Special) to libshutdown2.o(.ARM.Collect$$libshutdown$$00000004) for __rt_lib_shutdown_cpp_1
    libshutdown.o(.ARM.Collect$$libshutdown$$00000000) refers (Special) to libshutdown2.o(.ARM.Collect$$libshutdown$$00000002) for __rt_lib_shutdown_fini_1
    libshutdown.o(.ARM.Collect$$libshutdown$$00000000) refers (Special) to libshutdown2.o(.ARM.Collect$$libshutdown$$00000009) for __rt_lib_shutdown_fp_trap_1
    libshutdown.o(.ARM.Collect$$libshutdown$$00000000) refers (Special) to libshutdown2.o(.ARM.Collect$$libshutdown$$00000011) for __rt_lib_shutdown_heap_1
    libshutdown.o(.ARM.Collect$$libshutdown$$00000000) refers (Special) to libshutdown2.o(.ARM.Collect$$libshutdown$$00000012) for __rt_lib_shutdown_return
    libshutdown.o(.ARM.Collect$$libshutdown$$00000000) refers (Special) to libshutdown2.o(.ARM.Collect$$libshutdown$$0000000C) for __rt_lib_shutdown_signal_1
    libshutdown.o(.ARM.Collect$$libshutdown$$00000000) refers (Special) to libshutdown2.o(.ARM.Collect$$libshutdown$$00000006) for __rt_lib_shutdown_stdio_1
    libshutdown.o(.ARM.Collect$$libshutdown$$00000000) refers (Special) to libshutdown2.o(.ARM.Collect$$libshutdown$$0000000E) for __rt_lib_shutdown_user_alloc_1
    sys_command.o(.text) refers (Special) to use_no_semi.o(.text) for __I$use$semihosting
    sys_command.o(.text) refers (Special) to indicate_semi.o(.text) for __semihosting_library_function
    defsig_rtmem_outer.o(.text) refers to defsig_rtmem_inner.o(.text) for __rt_SIGRTMEM_inner
    defsig_rtmem_outer.o(.text) refers to defsig_exit.o(.text) for __sig_exit
    defsig_rtmem_formal.o(.text) refers to rt_raise.o(.text) for __rt_raise
    rt_raise.o(.text) refers to __raise.o(.text) for __raise
    rt_raise.o(.text) refers to sys_exit.o(.text) for _sys_exit
    defsig_exit.o(.text) refers to sys_exit.o(.text) for _sys_exit
    defsig_rtmem_inner.o(.text) refers to defsig_general.o(.text) for __default_signal_display
    __raise.o(.text) refers to defsig.o(CL$$defsig) for __default_signal_handler
    defsig_general.o(.text) refers to sys_wrch.o(.text) for _ttywrch
    sys_wrch.o(.text) refers (Special) to use_no_semi.o(.text) for __I$use$semihosting
    sys_wrch.o(.text) refers (Special) to indicate_semi.o(.text) for __semihosting_library_function
    defsig.o(CL$$defsig) refers to defsig_rtmem_inner.o(.text) for __rt_SIGRTMEM_inner
    defsig_abrt_inner.o(.text) refers to defsig_general.o(.text) for __default_signal_display
    defsig_fpe_inner.o(.text) refers to defsig_general.o(.text) for __default_signal_display
    defsig_rtred_inner.o(.text) refers to defsig_general.o(.text) for __default_signal_display
    defsig_stak_inner.o(.text) refers to defsig_general.o(.text) for __default_signal_display
    defsig_pvfn_inner.o(.text) refers to defsig_general.o(.text) for __default_signal_display
    defsig_cppl_inner.o(.text) refers to defsig_general.o(.text) for __default_signal_display
    defsig_segv_inner.o(.text) refers to defsig_general.o(.text) for __default_signal_display
    defsig_other.o(.text) refers to defsig_general.o(.text) for __default_signal_display


==============================================================================

Removing Unused input sections from the image.

    Removing sample.o(.rev16_text), (4 bytes).
    Removing sample.o(.revsh_text), (4 bytes).
    Removing sample.o(.rrx_text), (6 bytes).
    Removing core_cm3.o(.emb_text), (32 bytes).
    Removing system_lpc17xx.o(.rev16_text), (4 bytes).
    Removing system_lpc17xx.o(.revsh_text), (4 bytes).
    Removing system_lpc17xx.o(.rrx_text), (6 bytes).
    Removing irq_timer.o(.rev16_text), (4 bytes).
    Removing irq_timer.o(.revsh_text), (4 bytes).
    Removing irq_timer.o(.rrx_text), (6 bytes).
    Removing lib_timer.o(.rev16_text), (4 bytes).
    Removing lib_timer.o(.revsh_text), (4 bytes).
    Removing lib_timer.o(.rrx_text), (6 bytes).
    Removing glcd.o(.rev16_text), (4 bytes).
    Removing glcd.o(.revsh_text), (4 bytes).
    Removing glcd.o(.rrx_text), (6 bytes).
    Removing hzlib.o(.text), (52 bytes).
    Removing hzlib.o(.constdata), (216576 bytes).
    Removing irq_button.o(.rev16_text), (4 bytes).
    Removing irq_button.o(.revsh_text), (4 bytes).
    Removing irq_button.o(.rrx_text), (6 bytes).
    Removing lib_button.o(.rev16_text), (4 bytes).
    Removing lib_button.o(.revsh_text), (4 bytes).
    Removing lib_button.o(.rrx_text), (6 bytes).
    Removing irq_rit.o(.rev16_text), (4 bytes).
    Removing irq_rit.o(.revsh_text), (4 bytes).
    Removing irq_rit.o(.rrx_text), (6 bytes).
    Removing lib_rit.o(.rev16_text), (4 bytes).
    Removing lib_rit.o(.revsh_text), (4 bytes).
    Removing lib_rit.o(.rrx_text), (6 bytes).
    Removing game.o(.rev16_text), (4 bytes).
    Removing game.o(.revsh_text), (4 bytes).
    Removing game.o(.rrx_text), (6 bytes).
    Removing lib_joystick.o(.rev16_text), (4 bytes).
    Removing lib_joystick.o(.revsh_text), (4 bytes).
    Removing lib_joystick.o(.rrx_text), (6 bytes).
    Removing irq_can.o(.rev16_text), (4 bytes).
    Removing irq_can.o(.revsh_text), (4 bytes).
    Removing irq_can.o(.rrx_text), (6 bytes).
    Removing lib_can.o(.rev16_text), (4 bytes).
    Removing lib_can.o(.revsh_text), (4 bytes).
    Removing lib_can.o(.rrx_text), (6 bytes).
    Removing agent.o(.rev16_text), (4 bytes).
    Removing agent.o(.revsh_text), (4 bytes).
    Removing agent.o(.rrx_text), (6 bytes).
    Removing agent.o(.bss), (28 bytes).

46 unused section(s) (total 216884 bytes) removed from the image.

==============================================================================

Image Symbol Table

    Local Symbols

    Symbol Name                              Value     Ov Type        Size  Object(Section)

    RESET                                    0x00000000   Section      204  startup_lpc17xx.o(RESET)
    ../clib/angel/boardlib.s                 0x00000000   Number         0  boardinit2.o ABSOLUTE
    ../clib/angel/boardlib.s                 0x00000000   Number         0  boardshut.o ABSOLUTE
    ../clib/angel/boardlib.s                 0x00000000   Number         0  boardinit3.o ABSOLUTE
    ../clib/angel/boardlib.s                 0x00000000   Number         0  boardinit1.o ABSOLUTE
    ../clib/angel/dczerorl2.s                0x00000000   Number         0  __dczerorl2.o ABSOLUTE
    ../clib/angel/handlers.s                 0x00000000   Number         0  __scatter_zi.o ABSOLUTE
    ../clib/angel/kernel.s                   0x00000000   Number         0  rtexit2.o ABSOLUTE
    ../clib/angel/kernel.s                   0x00000000   Number         0  rtexit.o ABSOLUTE
    ../clib/angel/kernel.s                   0x00000000   Number         0  __rtentry.o ABSOLUTE
    ../clib/angel/kernel.s                   0x00000000   Number         0  __rtentry2.o ABSOLUTE
    ../clib/angel/kernel.s                   0x00000000   Number         0  __rtentry4.o ABSOLUTE
    ../clib/angel/rt.s                       0x00000000   Number         0  rt_raise.o ABSOLUTE
    ../clib/angel/scatter.s                  0x00000000   Number         0  __scatter.o ABSOLUTE
    ../clib/angel/startup.s                  0x00000000   Number         0  __main.o ABSOLUTE
    ../clib/angel/sys.s                      0x00000000   Number         0  indicate_semi.o ABSOLUTE
    ../clib/angel/sys.s                      0x00000000   Number         0  libspace.o ABSOLUTE
    ../clib/angel/sys.s                      0x00000000   Number         0  sys_stackheap_outer.o ABSOLUTE
    ../clib/angel/sys.s                      0x00000000   Number         0  use_no_semi.o ABSOLUTE
    ../clib/angel/sysapp.c                   0x00000000   Number         0  sys_wrch.o ABSOLUTE
    ../clib/angel/sysapp.c                   0x00000000   Number         0  sys_exit.o ABSOLUTE
    ../clib/angel/sysapp.c                   0x00000000   Number         0  sys_command.o ABSOLUTE
    ../clib/armsys.c                         0x00000000   Number         0  argv_veneer.o ABSOLUTE
    ../clib/armsys.c                         0x00000000   Number         0  _get_argv_nomalloc.o ABSOLUTE
    ../clib/armsys.c                         0x00000000   Number         0  argv_veneer.o ABSOLUTE
    ../clib/armsys.c                         0x00000000   Number         0  no_argv.o ABSOLUTE
    ../clib/heapalloc.c                      0x00000000   Number         0  hrguard.o ABSOLUTE
    ../clib/heapaux.c                        0x00000000   Number         0  heapauxi.o ABSOLUTE
    ../clib/libinit.s                        0x00000000   Number         0  libinit.o ABSOLUTE
    ../clib/libinit.s                        0x00000000   Number         0  libinit2.o ABSOLUTE
    ../clib/libinit.s                        0x00000000   Number         0  libshutdown.o ABSOLUTE
    ../clib/libinit.s                        0x00000000   Number         0  libshutdown2.o ABSOLUTE
    ../clib/memcpset.s                       0x00000000   Number         0  strcmpv7m.o ABSOLUTE
    ../clib/memcpset.s                       0x00000000   Number         0  rt_memcpy_w.o ABSOLUTE
    ../clib/memcpset.s                       0x00000000   Number         0  rt_memcpy_v6.o ABSOLUTE
    ../clib/misc.s                           0x00000000   Number         0  printf_stubs.o ABSOLUTE
    ../clib/printf.c                         0x00000000   Number         0  __printf_wp.o ABSOLUTE
    ../clib/printf.c                         0x00000000   Number         0  __printf_flags_wp.o ABSOLUTE
    ../clib/printf.c                         0x00000000   Number         0  noretval__2sprintf.o ABSOLUTE
    ../clib/printf.c                         0x00000000   Number         0  __printf_ss_wp.o ABSOLUTE
    ../clib/printf.c                         0x00000000   Number         0  __printf_flags_ss_wp.o ABSOLUTE
    ../clib/printf.c                         0x00000000   Number         0  __printf_nopercent.o ABSOLUTE
    ../clib/printf.c                         0x00000000   Number         0  _printf_intcommon.o ABSOLUTE
    ../clib/printf.c                         0x00000000   Number         0  _printf_char_common.o ABSOLUTE
    ../clib/printf.c                         0x00000000   Number         0  __2sprintf.o ABSOLUTE
    ../clib/printf.c                         0x00000000   Number         0  __printf_flags_ss.o ABSOLUTE
    ../clib/printf.c                         0x00000000   Number         0  __printf.o ABSOLUTE
    ../clib/printf.c                         0x00000000   Number         0  _printf_pad.o ABSOLUTE
    ../clib/printf.c                         0x00000000   Number         0  _printf_dec.o ABSOLUTE
    ../clib/printf.c                         0x00000000   Number         0  _sputc.o ABSOLUTE
    ../clib/printf.c                         0x00000000   Number         0  __printf_flags.o ABSOLUTE
    ../clib/printf.c                         0x00000000   Number         0  __printf_ss.o ABSOLUTE
    ../clib/printf_percent.s                 0x00000000   Number         0  _printf_percent.o ABSOLUTE
    ../clib/printf_percent.s                 0x00000000   Number         0  _printf_d.o ABSOLUTE
    ../clib/printf_percent.s                 0x00000000   Number         0  _printf_percent_end.o ABSOLUTE
    ../clib/signal.c                         0x00000000   Number         0  defsig_fpe_inner.o ABSOLUTE
    ../clib/signal.c                         0x00000000   Number         0  defsig_abrt_inner.o ABSOLUTE
    ../clib/signal.c                         0x00000000   Number         0  defsig_segv_inner.o ABSOLUTE
    ../clib/signal.c                         0x00000000   Number         0  defsig_rtmem_formal.o ABSOLUTE
    ../clib/signal.c                         0x00000000   Number         0  defsig_other.o ABSOLUTE
    ../clib/signal.c                         0x00000000   Number         0  defsig_cppl_inner.o ABSOLUTE
    ../clib/signal.c                         0x00000000   Number         0  defsig_rtmem_outer.o ABSOLUTE
    ../clib/signal.c                         0x00000000   Number         0  defsig_pvfn_inner.o ABSOLUTE
    ../clib/signal.c                         0x00000000   Number         0  defsig_general.o ABSOLUTE
    ../clib/signal.c                         0x00000000   Number         0  __raise.o ABSOLUTE
    ../clib/signal.c                         0x00000000   Number         0  defsig_rtmem_inner.o ABSOLUTE
    ../clib/signal.c                         0x00000000   Number         0  defsig_stak_inner.o ABSOLUTE
    ../clib/signal.c                         0x00000000   Number         0  defsig_rtred_inner.o ABSOLUTE
    ../clib/signal.c                         0x00000000   Number         0  defsig_exit.o ABSOLUTE
    ../clib/signal.s                         0x00000000   Number         0  defsig.o ABSOLUTE
    ../clib/stdlib.c                         0x00000000   Number         0  qsortnoex.o ABSOLUTE
    ../clib/stdlib.c                         0x00000000   Number         0  exit.o ABSOLUTE
    ../clib/string.c                         0x00000000   Number         0  strcpy.o ABSOLUTE
    ../clib/string.c                         0x00000000   Number         0  strlen.o ABSOLUTE
    ../fplib/fpinit.s                        0x00000000   Number         0  fpinit.o ABSOLUTE
    CAN\IRQ_CAN.c                            0x00000000   Number         0  irq_can.o ABSOLUTE
    CAN\\IRQ_CAN.c                           0x00000000   Number         0  irq_can.o ABSOLUTE
    CAN\\lib_CAN.c                           0x00000000   Number         0  lib_can.o ABSOLUTE
    CAN\lib_CAN.c                            0x00000000   Number         0  lib_can.o ABSOLUTE
    GLCD\AsciiLib.c                          0x00000000   Number         0  asciilib.o ABSOLUTE
    GLCD\GLCD.c                              0x00000000   Number         0  glcd.o ABSOLUTE
    GLCD\HzLib.c                             0x00000000   Number         0  hzlib.o ABSOLUTE
    GLCD\\GLCD.c                             0x00000000   Number         0  glcd.o ABSOLUTE
    RIT\IRQ_RIT.c                            0x00000000   Number         0  irq_rit.o ABSOLUTE
    RIT\\IRQ_RIT.c                           0x00000000   Number         0  irq_rit.o ABSOLUTE
    RIT\\lib_RIT.c                           0x00000000   Number         0  lib_rit.o ABSOLUTE
    RIT\lib_RIT.c                            0x00000000   Number         0  lib_rit.o ABSOLUTE
    agent\\agent.c                           0x00000000   Number         0  agent.o ABSOLUTE
    agent\agent.c                            0x00000000   Number         0  agent.o ABSOLUTE
    agent\evaluation.c                       0x00000000   Number         0  evaluation.o ABSOLUTE
    button_EXINT\IRQ_button.c                0x00000000   Number         0  irq_button.o ABSOLUTE
    button_EXINT\\IRQ_button.c               0x00000000   Number         0  irq_button.o ABSOLUTE
    button_EXINT\\lib_button.c               0x00000000   Number         0  lib_button.o ABSOLUTE
    button_EXINT\lib_button.c                0x00000000   Number         0  lib_button.o ABSOLUTE
    core_cm3.c                               0x00000000   Number         0  core_cm3.o ABSOLUTE
    core_cm3.c                               0x00000000   Number         0  core_cm3.o ABSOLUTE
    dc.s                                     0x00000000   Number         0  dc.o ABSOLUTE
    game\\game.c                             0x00000000   Number         0  game.o ABSOLUTE
    game\game.c                              0x00000000   Number         0  game.o ABSOLUTE
    joystick\\lib_joystick.c                 0x00000000   Number         0  lib_joystick.o ABSOLUTE
    joystick\lib_joystick.c                  0x00000000   Number         0  lib_joystick.o ABSOLUTE
    sample.c                                 0x00000000   Number         0  sample.o ABSOLUTE
    sample.c                                 0x00000000   Number         0  sample.o ABSOLUTE
    startup_LPC17xx.s                        0x00000000   Number         0  startup_lpc17xx.o ABSOLUTE
    system_LPC17xx.c                         0x00000000   Number         0  system_lpc17xx.o ABSOLUTE
    system_LPC17xx.c                         0x00000000   Number         0  system_lpc17xx.o ABSOLUTE
    timer\IRQ_timer.c                        0x00000000   Number         0  irq_timer.o ABSOLUTE
    timer\\IRQ_timer.c                       0x00000000   Number         0  irq_timer.o ABSOLUTE
    timer\\lib_timer.c                       0x00000000   Number         0  lib_timer.o ABSOLUTE
    timer\lib_timer.c                        0x00000000   Number         0  lib_timer.o ABSOLUTE
    utils\utils.c                            0x00000000   Number         0  utils.o ABSOLUTE
    !!!main                                  0x000000cc   Section        8  __main.o(!!!main)
    !!!scatter                               0x000000d4   Section       52  __scatter.o(!!!scatter)
    !!dczerorl2                              0x00000108   Section       90  __dczerorl2.o(!!dczerorl2)
    !!handler_zi                             0x00000164   Section       28  __scatter_zi.o(!!handler_zi)
    .ARM.Collect$$_printf_percent$$00000000  0x00000180   Section        0  _printf_percent.o(.ARM.Collect$$_printf_percent$$00000000)
    .ARM.Collect$$_printf_percent$$00000009  0x00000180   Section        6  _printf_d.o(.ARM.Collect$$_printf_percent$$00000009)
    .ARM.Collect$$_printf_percent$$00000017  0x00000186   Section        4  _printf_percent_end.o(.ARM.Collect$$_printf_percent$$00000017)
    .ARM.Collect$$libinit$$00000000          0x0000018a   Section        2  libinit.o(.ARM.Collect$$libinit$$00000000)
    .ARM.Collect$$libinit$$00000002          0x0000018c   Section        0  libinit2.o(.ARM.Collect$$libinit$$00000002)
    .ARM.Collect$$libinit$$00000004          0x0000018c   Section        0  libinit2.o(.ARM.Collect$$libinit$$00000004)
    .ARM.Collect$$libinit$$0000000A          0x0000018c   Section        0  libinit2.o(.ARM.Collect$$libinit$$0000000A)
    .ARM.Collect$$libinit$$0000000C          0x0000018c   Section        0  libinit2.o(.ARM.Collect$$libinit$$0000000C)
    .ARM.Collect$$libinit$$0000000E          0x0000018c   Section        0  libinit2.o(.ARM.Collect$$libinit$$0000000E)
    .ARM.Collect$$libinit$$00000011          0x0000018c   Section        0  libinit2.o(.ARM.Collect$$libinit$$00000011)
    .ARM.Collect$$libinit$$00000013          0x0000018c   Section        0  libinit2.o(.ARM.Collect$$libinit$$00000013)
    .ARM.Collect$$libinit$$00000015          0x0000018c   Section        0  libinit2.o(.ARM.Collect$$libinit$$00000015)
    .ARM.Collect$$libinit$$00000017          0x0000018c   Section        0  libinit2.o(.ARM.Collect$$libinit$$00000017)
    .ARM.Collect$$libinit$$00000019          0x0000018c   Section        0  libinit2.o(.ARM.Collect$$libinit$$00000019)
    .ARM.Collect$$libinit$$0000001B          0x0000018c   Section        0  libinit2.o(.ARM.Collect$$libinit$$0000001B)
    .ARM.Collect$$libinit$$0000001D          0x0000018c   Section        0  libinit2.o(.ARM.Collect$$libinit$$0000001D)
    .ARM.Collect$$libinit$$0000001F          0x0000018c   Section        0  libinit2.o(.ARM.Collect$$libinit$$0000001F)
    .ARM.Collect$$libinit$$00000021          0x0000018c   Section        0  libinit2.o(.ARM.Collect$$libinit$$00000021)
    .ARM.Collect$$libinit$$00000023          0x0000018c   Section        0  libinit2.o(.ARM.Collect$$libinit$$00000023)
    .ARM.Collect$$libinit$$00000025          0x0000018c   Section        0  libinit2.o(.ARM.Collect$$libinit$$00000025)
    .ARM.Collect$$libinit$$0000002C          0x0000018c   Section        0  libinit2.o(.ARM.Collect$$libinit$$0000002C)
    .ARM.Collect$$libinit$$0000002E          0x0000018c   Section        0  libinit2.o(.ARM.Collect$$libinit$$0000002E)
    .ARM.Collect$$libinit$$00000030          0x0000018c   Section        0  libinit2.o(.ARM.Collect$$libinit$$00000030)
    .ARM.Collect$$libinit$$00000032          0x0000018c   Section        0  libinit2.o(.ARM.Collect$$libinit$$00000032)
    .ARM.Collect$$libinit$$00000033          0x0000018c   Section        2  libinit2.o(.ARM.Collect$$libinit$$00000033)
    .ARM.Collect$$libshutdown$$00000000      0x0000018e   Section        2  libshutdown.o(.ARM.Collect$$libshutdown$$00000000)
    .ARM.Collect$$libshutdown$$00000002      0x00000190   Section        0  libshutdown2.o(.ARM.Collect$$libshutdown$$00000002)
    .ARM.Collect$$libshutdown$$00000004      0x00000190   Section        0  libshutdown2.o(.ARM.Collect$$libshutdown$$00000004)
    .ARM.Collect$$libshutdown$$00000006      0x00000190   Section        0  libshutdown2.o(.ARM.Collect$$libshutdown$$00000006)
    .ARM.Collect$$libshutdown$$00000009      0x00000190   Section        0  libshutdown2.o(.ARM.Collect$$libshutdown$$00000009)
    .ARM.Collect$$libshutdown$$0000000C      0x00000190   Section        0  libshutdown2.o(.ARM.Collect$$libshutdown$$0000000C)
    .ARM.Collect$$libshutdown$$0000000E      0x00000190   Section        0  libshutdown2.o(.ARM.Collect$$libshutdown$$0000000E)
    .ARM.Collect$$libshutdown$$00000011      0x00000190   Section        0  libshutdown2.o(.ARM.Collect$$libshutdown$$00000011)
    .ARM.Collect$$libshutdown$$00000012      0x00000190   Section        2  libshutdown2.o(.ARM.Collect$$libshutdown$$00000012)
    .ARM.Collect$$rtentry$$00000000          0x00000192   Section        0  __rtentry.o(.ARM.Collect$$rtentry$$00000000)
    .ARM.Collect$$rtentry$$00000002          0x00000192   Section        0  __rtentry2.o(.ARM.Collect$$rtentry$$00000002)
    .ARM.Collect$$rtentry$$00000004          0x00000192   Section        6  __rtentry4.o(.ARM.Collect$$rtentry$$00000004)
    .ARM.Collect$$rtentry$$00000009          0x00000198   Section        0  __rtentry2.o(.ARM.Collect$$rtentry$$00000009)
    .ARM.Collect$$rtentry$$0000000A          0x00000198   Section        4  __rtentry2.o(.ARM.Collect$$rtentry$$0000000A)
    .ARM.Collect$$rtentry$$0000000C          0x0000019c   Section        0  __rtentry2.o(.ARM.Collect$$rtentry$$0000000C)
    .ARM.Collect$$rtentry$$0000000D          0x0000019c   Section        8  __rtentry2.o(.ARM.Collect$$rtentry$$0000000D)
    .ARM.Collect$$rtexit$$00000000           0x000001a4   Section        2  rtexit.o(.ARM.Collect$$rtexit$$00000000)
    .ARM.Collect$$rtexit$$00000002           0x000001a6   Section        0  rtexit2.o(.ARM.Collect$$rtexit$$00000002)
    .ARM.Collect$$rtexit$$00000003           0x000001a6   Section        4  rtexit2.o(.ARM.Collect$$rtexit$$00000003)
    .ARM.Collect$$rtexit$$00000004           0x000001aa   Section        6  rtexit2.o(.ARM.Collect$$rtexit$$00000004)
    .text                                    0x000001b0   Section       52  startup_lpc17xx.o(.text)
    .text                                    0x000001e4   Section        0  sample.o(.text)
    .text                                    0x00000248   Section        0  lib_timer.o(.text)
    __NVIC_EnableIRQ                         0x00000249   Thumb Code    34  lib_timer.o(.text)
    .text                                    0x000002f0   Section        0  heapauxi.o(.text)
    .text                                    0x000002f6   Section        2  use_no_semi.o(.text)
    .text                                    0x000002f8   Section        0  indicate_semi.o(.text)
    .ARM.__at_0x02FC                         0x000002fc   Section        4  startup_lpc17xx.o(.ARM.__at_0x02FC)
    .text                                    0x00000300   Section        0  system_lpc17xx.o(.text)
    .text                                    0x0000054c   Section        0  irq_timer.o(.text)
    .text                                    0x00000628   Section        0  asciilib.o(.text)
    .text                                    0x00000648   Section        0  glcd.o(.text)
    LCD_Configuration                        0x00000649   Thumb Code    20  glcd.o(.text)
    wait_delay                               0x0000065d   Thumb Code    12  glcd.o(.text)
    LCD_SetCursor                            0x00000669   Thumb Code  1356  glcd.o(.text)
    delay_ms                                 0x00000bb5   Thumb Code    30  glcd.o(.text)
    LCD_BGR2RGB                              0x000040b1   Thumb Code    26  glcd.o(.text)
    .text                                    0x00004c1c   Section        0  irq_button.o(.text)
    __NVIC_DisableIRQ                        0x00004c1d   Thumb Code    30  irq_button.o(.text)
    .text                                    0x00004cd4   Section        0  lib_button.o(.text)
    __NVIC_EnableIRQ                         0x00004cd5   Thumb Code    34  lib_button.o(.text)
    __NVIC_SetPriority                       0x00004cf7   Thumb Code    32  lib_button.o(.text)
    .text                                    0x00004da8   Section        0  irq_rit.o(.text)
    __NVIC_EnableIRQ                         0x00004da9   Thumb Code    34  irq_rit.o(.text)
    .text                                    0x00005420   Section        0  lib_rit.o(.text)
    .text                                    0x000054b4   Section        0  game.o(.text)
    .text                                    0x000088dc   Section        0  lib_joystick.o(.text)
    .text                                    0x00008960   Section        0  irq_can.o(.text)
    .text                                    0x00008a0c   Section        0  lib_can.o(.text)
    __NVIC_EnableIRQ                         0x00008a0d   Thumb Code    34  lib_can.o(.text)
    CAN_cfgBaudrate                          0x00008a2f   Thumb Code    70  lib_can.o(.text)
    .text                                    0x00008f24   Section        0  agent.o(.text)
    .text                                    0x0000a1ac   Section        0  evaluation.o(.text)
    .text                                    0x0000a290   Section        0  utils.o(.text)
    .text                                    0x0000a568   Section        0  noretval__2sprintf.o(.text)
    .text                                    0x0000a590   Section        0  _printf_pad.o(.text)
    .text                                    0x0000a5e0   Section        0  _printf_dec.o(.text)
    .text                                    0x0000a658   Section        0  __printf_flags_wp.o(.text)
    .text                                    0x0000a790   Section        0  qsortnoex.o(.text)
    _partition_sort                          0x0000a791   Thumb Code   478  qsortnoex.o(.text)
    .text                                    0x0000a9f4   Section        0  strcpy.o(.text)
    .text                                    0x0000aa3c   Section        0  strlen.o(.text)
    .text                                    0x0000aa7a   Section      138  rt_memcpy_v6.o(.text)
    .text                                    0x0000ab04   Section      100  rt_memcpy_w.o(.text)
    .text                                    0x0000ab68   Section      128  strcmpv7m.o(.text)
    .text                                    0x0000abe8   Section        0  _printf_intcommon.o(.text)
    .text                                    0x0000ac9c   Section        0  _printf_char_common.o(.text)
    _printf_input_char                       0x0000ac9d   Thumb Code    10  _printf_char_common.o(.text)
    .text                                    0x0000accc   Section        0  _sputc.o(.text)
    .text                                    0x0000acd6   Section       74  sys_stackheap_outer.o(.text)
    .text                                    0x0000ad20   Section        0  exit.o(.text)
    .text                                    0x0000ad34   Section        8  libspace.o(.text)
    .text                                    0x0000ad3c   Section        0  sys_exit.o(.text)
    i._is_digit                              0x0000ad48   Section        0  __printf_wp.o(i._is_digit)
    .constdata                               0x0000ad56   Section     1520  asciilib.o(.constdata)
    AsciiLib                                 0x0000ad56   Data        1520  asciilib.o(.constdata)
    .constdata                               0x0000b348   Section       68  lib_can.o(.constdata)
    .constdata                               0x0000b38c   Section       17  __printf_flags_wp.o(.constdata)
    maptable                                 0x0000b38c   Data          17  __printf_flags_wp.o(.constdata)
    STACK                                    0x10000000   Section    32767  startup_lpc17xx.o(STACK)
    Stack_Mem                                0x10000000   Data       32767  startup_lpc17xx.o(STACK)
    __initial_sp                             0x10007fff   Data           0  startup_lpc17xx.o(STACK)
    .data                                    0x2007c000   Section        5  system_lpc17xx.o(.data)
    .data                                    0x2007c008   Section        4  irq_timer.o(.data)
    .data                                    0x2007c00c   Section     2737  glcd.o(.data)
    LCD_Code                                 0x2007cabc   Data           1  glcd.o(.data)
    .data                                    0x2007cac0   Section       32  irq_rit.o(.data)
    up                                       0x2007cacc   Data           4  irq_rit.o(.data)
    down                                     0x2007cad0   Data           4  irq_rit.o(.data)
    left                                     0x2007cad4   Data           4  irq_rit.o(.data)
    right                                    0x2007cad8   Data           4  irq_rit.o(.data)
    select                                   0x2007cadc   Data           4  irq_rit.o(.data)
    .data                                    0x2007cae0   Section       28  game.o(.data)
    game_started                             0x2007cae4   Data           4  game.o(.data)
    .data                                    0x2007cafc   Section        4  irq_can.o(.data)
    .data                                    0x2007cb00   Section       16  lib_can.o(.data)
    CAN_std_cnt                              0x2007cb08   Data           4  lib_can.o(.data)
    CAN_ext_cnt                              0x2007cb0c   Data           4  lib_can.o(.data)
    .data                                    0x2007cb10   Section        4  agent.o(.data)
    .data                                    0x2007cb14   Section       12  utils.o(.data)
    N                                        0x2007cb14   Data           4  utils.o(.data)
    head                                     0x2007cb18   Data           4  utils.o(.data)
    tail                                     0x2007cb1c   Data           4  utils.o(.data)
    .bss                                     0x2007cb20   Section     1452  game.o(.bss)
    .bss                                     0x2007d0cc   Section       32  lib_can.o(.bss)
    .bss                                     0x2007d0ec   Section     4036  utils.o(.bss)
    q                                        0x2007d0ec   Data        3072  utils.o(.bss)
    marked                                   0x2007dcec   Data         900  utils.o(.bss)
    player                                   0x2007e070   Data          64  utils.o(.bss)
    .bss                                     0x2007e0b0   Section       96  libspace.o(.bss)
    HEAP                                     0x2007e110   Section        0  startup_lpc17xx.o(HEAP)
    Heap_Mem                                 0x2007e110   Data           0  startup_lpc17xx.o(HEAP)

    Global Symbols

    Symbol Name                              Value     Ov Type        Size  Object(Section)

    BuildAttributes$$THM_ISAv4$P$D$K$B$S$PE$A:L22UL41UL21$X:L11$S22US41US21$IEEE1$IW$USESV6$~STKCKD$USESV7$~SHL$OSPACE$ROPI$EBA8$UX$STANDARDLIB$REQ8$PRES8$EABIv2 0x00000000   Number         0  anon$$obj.o ABSOLUTE
    __ARM_use_no_argv                        0x00000000   Number         0  sample.o ABSOLUTE
    __Vectors                                0x00000000   Data           4  startup_lpc17xx.o(RESET)
    _printf_flags                            0x00000000   Number         0  printf_stubs.o ABSOLUTE
    _printf_return_value                     0x00000000   Number         0  printf_stubs.o ABSOLUTE
    _printf_sizespec                         0x00000000   Number         0  printf_stubs.o ABSOLUTE
    _printf_widthprec                        0x00000000   Number         0  printf_stubs.o ABSOLUTE
    __ARM_exceptions_init                     - Undefined Weak Reference
    __alloca_initialize                       - Undefined Weak Reference
    __arm_fini_                               - Undefined Weak Reference
    __arm_preinit_                            - Undefined Weak Reference
    __cpp_initialize__aeabi_                  - Undefined Weak Reference
    __cxa_finalize                            - Undefined Weak Reference
    __rt_locale                               - Undefined Weak Reference
    __sigvec_lookup                           - Undefined Weak Reference
    _atexit_init                              - Undefined Weak Reference
    _call_atexit_fns                          - Undefined Weak Reference
    _clock_init                               - Undefined Weak Reference
    _fp_trap_init                             - Undefined Weak Reference
    _fp_trap_shutdown                         - Undefined Weak Reference
    _get_lc_collate                           - Undefined Weak Reference
    _get_lc_ctype                             - Undefined Weak Reference
    _get_lc_monetary                          - Undefined Weak Reference
    _get_lc_numeric                           - Undefined Weak Reference
    _get_lc_time                              - Undefined Weak Reference
    _getenv_init                              - Undefined Weak Reference
    _handle_redirection                       - Undefined Weak Reference
    _init_alloc                               - Undefined Weak Reference
    _init_user_alloc                          - Undefined Weak Reference
    _initio                                   - Undefined Weak Reference
    _printf_truncate_signed                   - Undefined Weak Reference
    _printf_truncate_unsigned                 - Undefined Weak Reference
    _rand_init                                - Undefined Weak Reference
    _signal_finish                            - Undefined Weak Reference
    _signal_init                              - Undefined Weak Reference
    _terminate_alloc                          - Undefined Weak Reference
    _terminate_user_alloc                     - Undefined Weak Reference
    _terminateio                              - Undefined Weak Reference
    __main                                   0x000000cd   Thumb Code     8  __main.o(!!!main)
    __scatterload                            0x000000d5   Thumb Code     0  __scatter.o(!!!scatter)
    __scatterload_rt2                        0x000000d5   Thumb Code    44  __scatter.o(!!!scatter)
    __scatterload_rt2_thumb_only             0x000000d5   Thumb Code     0  __scatter.o(!!!scatter)
    __scatterload_null                       0x000000e3   Thumb Code     0  __scatter.o(!!!scatter)
    __decompress                             0x00000109   Thumb Code    90  __dczerorl2.o(!!dczerorl2)
    __decompress1                            0x00000109   Thumb Code     0  __dczerorl2.o(!!dczerorl2)
    __scatterload_zeroinit                   0x00000165   Thumb Code    28  __scatter_zi.o(!!handler_zi)
    _printf_d                                0x00000181   Thumb Code     0  _printf_d.o(.ARM.Collect$$_printf_percent$$00000009)
    _printf_percent                          0x00000181   Thumb Code     0  _printf_percent.o(.ARM.Collect$$_printf_percent$$00000000)
    _printf_percent_end                      0x00000187   Thumb Code     0  _printf_percent_end.o(.ARM.Collect$$_printf_percent$$00000017)
    __rt_lib_init                            0x0000018b   Thumb Code     0  libinit.o(.ARM.Collect$$libinit$$00000000)
    __rt_lib_init_alloca_1                   0x0000018d   Thumb Code     0  libinit2.o(.ARM.Collect$$libinit$$0000002E)
    __rt_lib_init_argv_1                     0x0000018d   Thumb Code     0  libinit2.o(.ARM.Collect$$libinit$$0000002C)
    __rt_lib_init_atexit_1                   0x0000018d   Thumb Code     0  libinit2.o(.ARM.Collect$$libinit$$0000001B)
    __rt_lib_init_clock_1                    0x0000018d   Thumb Code     0  libinit2.o(.ARM.Collect$$libinit$$00000021)
    __rt_lib_init_cpp_1                      0x0000018d   Thumb Code     0  libinit2.o(.ARM.Collect$$libinit$$00000032)
    __rt_lib_init_exceptions_1               0x0000018d   Thumb Code     0  libinit2.o(.ARM.Collect$$libinit$$00000030)
    __rt_lib_init_fp_1                       0x0000018d   Thumb Code     0  libinit2.o(.ARM.Collect$$libinit$$00000002)
    __rt_lib_init_fp_trap_1                  0x0000018d   Thumb Code     0  libinit2.o(.ARM.Collect$$libinit$$0000001F)
    __rt_lib_init_getenv_1                   0x0000018d   Thumb Code     0  libinit2.o(.ARM.Collect$$libinit$$00000023)
    __rt_lib_init_heap_1                     0x0000018d   Thumb Code     0  libinit2.o(.ARM.Collect$$libinit$$0000000A)
    __rt_lib_init_lc_collate_1               0x0000018d   Thumb Code     0  libinit2.o(.ARM.Collect$$libinit$$00000011)
    __rt_lib_init_lc_ctype_1                 0x0000018d   Thumb Code     0  libinit2.o(.ARM.Collect$$libinit$$00000013)
    __rt_lib_init_lc_monetary_1              0x0000018d   Thumb Code     0  libinit2.o(.ARM.Collect$$libinit$$00000015)
    __rt_lib_init_lc_numeric_1               0x0000018d   Thumb Code     0  libinit2.o(.ARM.Collect$$libinit$$00000017)
    __rt_lib_init_lc_time_1                  0x0000018d   Thumb Code     0  libinit2.o(.ARM.Collect$$libinit$$00000019)
    __rt_lib_init_preinit_1                  0x0000018d   Thumb Code     0  libinit2.o(.ARM.Collect$$libinit$$00000004)
    __rt_lib_init_rand_1                     0x0000018d   Thumb Code     0  libinit2.o(.ARM.Collect$$libinit$$0000000E)
    __rt_lib_init_return                     0x0000018d   Thumb Code     0  libinit2.o(.ARM.Collect$$libinit$$00000033)
    __rt_lib_init_signal_1                   0x0000018d   Thumb Code     0  libinit2.o(.ARM.Collect$$libinit$$0000001D)
    __rt_lib_init_stdio_1                    0x0000018d   Thumb Code     0  libinit2.o(.ARM.Collect$$libinit$$00000025)
    __rt_lib_init_user_alloc_1               0x0000018d   Thumb Code     0  libinit2.o(.ARM.Collect$$libinit$$0000000C)
    __rt_lib_shutdown                        0x0000018f   Thumb Code     0  libshutdown.o(.ARM.Collect$$libshutdown$$00000000)
    __rt_lib_shutdown_cpp_1                  0x00000191   Thumb Code     0  libshutdown2.o(.ARM.Collect$$libshutdown$$00000004)
    __rt_lib_shutdown_fini_1                 0x00000191   Thumb Code     0  libshutdown2.o(.ARM.Collect$$libshutdown$$00000002)
    __rt_lib_shutdown_fp_trap_1              0x00000191   Thumb Code     0  libshutdown2.o(.ARM.Collect$$libshutdown$$00000009)
    __rt_lib_shutdown_heap_1                 0x00000191   Thumb Code     0  libshutdown2.o(.ARM.Collect$$libshutdown$$00000011)
    __rt_lib_shutdown_return                 0x00000191   Thumb Code     0  libshutdown2.o(.ARM.Collect$$libshutdown$$00000012)
    __rt_lib_shutdown_signal_1               0x00000191   Thumb Code     0  libshutdown2.o(.ARM.Collect$$libshutdown$$0000000C)
    __rt_lib_shutdown_stdio_1                0x00000191   Thumb Code     0  libshutdown2.o(.ARM.Collect$$libshutdown$$00000006)
    __rt_lib_shutdown_user_alloc_1           0x00000191   Thumb Code     0  libshutdown2.o(.ARM.Collect$$libshutdown$$0000000E)
    __rt_entry                               0x00000193   Thumb Code     0  __rtentry.o(.ARM.Collect$$rtentry$$00000000)
    __rt_entry_presh_1                       0x00000193   Thumb Code     0  __rtentry2.o(.ARM.Collect$$rtentry$$00000002)
    __rt_entry_sh                            0x00000193   Thumb Code     0  __rtentry4.o(.ARM.Collect$$rtentry$$00000004)
    __rt_entry_li                            0x00000199   Thumb Code     0  __rtentry2.o(.ARM.Collect$$rtentry$$0000000A)
    __rt_entry_postsh_1                      0x00000199   Thumb Code     0  __rtentry2.o(.ARM.Collect$$rtentry$$00000009)
    __rt_entry_main                          0x0000019d   Thumb Code     0  __rtentry2.o(.ARM.Collect$$rtentry$$0000000D)
    __rt_entry_postli_1                      0x0000019d   Thumb Code     0  __rtentry2.o(.ARM.Collect$$rtentry$$0000000C)
    __rt_exit                                0x000001a5   Thumb Code     0  rtexit.o(.ARM.Collect$$rtexit$$00000000)
    __rt_exit_ls                             0x000001a7   Thumb Code     0  rtexit2.o(.ARM.Collect$$rtexit$$00000003)
    __rt_exit_prels_1                        0x000001a7   Thumb Code     0  rtexit2.o(.ARM.Collect$$rtexit$$00000002)
    __rt_exit_exit                           0x000001ab   Thumb Code     0  rtexit2.o(.ARM.Collect$$rtexit$$00000004)
    Reset_Handler                            0x000001b1   Thumb Code     4  startup_lpc17xx.o(.text)
    NMI_Handler                              0x000001b5   Thumb Code     2  startup_lpc17xx.o(.text)
    HardFault_Handler                        0x000001b7   Thumb Code     2  startup_lpc17xx.o(.text)
    MemManage_Handler                        0x000001b9   Thumb Code     2  startup_lpc17xx.o(.text)
    BusFault_Handler                         0x000001bb   Thumb Code     2  startup_lpc17xx.o(.text)
    UsageFault_Handler                       0x000001bd   Thumb Code     2  startup_lpc17xx.o(.text)
    SVC_Handler                              0x000001bf   Thumb Code     2  startup_lpc17xx.o(.text)
    DebugMon_Handler                         0x000001c1   Thumb Code     2  startup_lpc17xx.o(.text)
    PendSV_Handler                           0x000001c3   Thumb Code     2  startup_lpc17xx.o(.text)
    SysTick_Handler                          0x000001c5   Thumb Code     2  startup_lpc17xx.o(.text)
    ADC_IRQHandler                           0x000001c7   Thumb Code     0  startup_lpc17xx.o(.text)
    BOD_IRQHandler                           0x000001c7   Thumb Code     0  startup_lpc17xx.o(.text)
    CANActivity_IRQHandler                   0x000001c7   Thumb Code     0  startup_lpc17xx.o(.text)
    DMA_IRQHandler                           0x000001c7   Thumb Code     0  startup_lpc17xx.o(.text)
    EINT3_IRQHandler                         0x000001c7   Thumb Code     0  startup_lpc17xx.o(.text)
    ENET_IRQHandler                          0x000001c7   Thumb Code     0  startup_lpc17xx.o(.text)
    I2C0_IRQHandler                          0x000001c7   Thumb Code     0  startup_lpc17xx.o(.text)
    I2C1_IRQHandler                          0x000001c7   Thumb Code     0  startup_lpc17xx.o(.text)
    I2C2_IRQHandler                          0x000001c7   Thumb Code     0  startup_lpc17xx.o(.text)
    I2S_IRQHandler                           0x000001c7   Thumb Code     0  startup_lpc17xx.o(.text)
    MCPWM_IRQHandler                         0x000001c7   Thumb Code     0  startup_lpc17xx.o(.text)
    PLL0_IRQHandler                          0x000001c7   Thumb Code     0  startup_lpc17xx.o(.text)
    PLL1_IRQHandler                          0x000001c7   Thumb Code     0  startup_lpc17xx.o(.text)
    PWM1_IRQHandler                          0x000001c7   Thumb Code     0  startup_lpc17xx.o(.text)
    QEI_IRQHandler                           0x000001c7   Thumb Code     0  startup_lpc17xx.o(.text)
    RTC_IRQHandler                           0x000001c7   Thumb Code     0  startup_lpc17xx.o(.text)
    SPI_IRQHandler                           0x000001c7   Thumb Code     0  startup_lpc17xx.o(.text)
    SSP0_IRQHandler                          0x000001c7   Thumb Code     0  startup_lpc17xx.o(.text)
    SSP1_IRQHandler                          0x000001c7   Thumb Code     0  startup_lpc17xx.o(.text)
    TIMER2_IRQHandler                        0x000001c7   Thumb Code     0  startup_lpc17xx.o(.text)
    TIMER3_IRQHandler                        0x000001c7   Thumb Code     0  startup_lpc17xx.o(.text)
    UART0_IRQHandler                         0x000001c7   Thumb Code     0  startup_lpc17xx.o(.text)
    UART1_IRQHandler                         0x000001c7   Thumb Code     0  startup_lpc17xx.o(.text)
    UART2_IRQHandler                         0x000001c7   Thumb Code     0  startup_lpc17xx.o(.text)
    UART3_IRQHandler                         0x000001c7   Thumb Code     0  startup_lpc17xx.o(.text)
    USBActivity_IRQHandler                   0x000001c7   Thumb Code     0  startup_lpc17xx.o(.text)
    USB_IRQHandler                           0x000001c7   Thumb Code     0  startup_lpc17xx.o(.text)
    WDT_IRQHandler                           0x000001c7   Thumb Code     0  startup_lpc17xx.o(.text)
    __user_initial_stackheap                 0x000001c9   Thumb Code     0  startup_lpc17xx.o(.text)
    main                                     0x000001e5   Thumb Code    82  sample.o(.text)
    enable_timer                             0x0000026b   Thumb Code    20  lib_timer.o(.text)
    disable_timer                            0x0000027f   Thumb Code    20  lib_timer.o(.text)
    reset_timer                              0x00000293   Thumb Code    30  lib_timer.o(.text)
    init_timer                               0x000002b1   Thumb Code    60  lib_timer.o(.text)
    __use_two_region_memory                  0x000002f1   Thumb Code     2  heapauxi.o(.text)
    __rt_heap_escrow$2region                 0x000002f3   Thumb Code     2  heapauxi.o(.text)
    __rt_heap_expand$2region                 0x000002f5   Thumb Code     2  heapauxi.o(.text)
    __I$use$semihosting                      0x000002f7   Thumb Code     0  use_no_semi.o(.text)
    __use_no_semihosting_swi                 0x000002f7   Thumb Code     2  use_no_semi.o(.text)
    __semihosting_library_function           0x000002f9   Thumb Code     0  indicate_semi.o(.text)
    SystemInit                               0x00000301   Thumb Code   552  system_lpc17xx.o(.text)
    TIMER0_IRQHandler                        0x0000054d   Thumb Code   106  irq_timer.o(.text)
    TIMER1_IRQHandler                        0x000005b7   Thumb Code    56  irq_timer.o(.text)
    GetASCIICode                             0x00000629   Thumb Code    26  asciilib.o(.text)
    LCD_Initialization                       0x00000bd3   Thumb Code 12014  glcd.o(.text)
    LCD_Clear                                0x00003ac1   Thumb Code  1520  glcd.o(.text)
    LCD_GetPoint                             0x000040cb   Thumb Code   994  glcd.o(.text)
    LCD_SetPoint                             0x000044ad   Thumb Code   206  glcd.o(.text)
    LCD_DrawLine                             0x0000457b   Thumb Code   250  glcd.o(.text)
    PutChar                                  0x00004675   Thumb Code   100  glcd.o(.text)
    GUI_Text                                 0x000046d9   Thumb Code    80  glcd.o(.text)
    DrawRectangle                            0x00004729   Thumb Code    96  glcd.o(.text)
    DrawSquare                               0x00004789   Thumb Code    22  glcd.o(.text)
    ColorRectangle                           0x0000479f   Thumb Code    74  glcd.o(.text)
    ColorSquare                              0x000047e9   Thumb Code    26  glcd.o(.text)
    DrawWallHorizontalThroughPosition        0x00004803   Thumb Code    68  glcd.o(.text)
    DrawWallVerticalThroughPosition          0x00004847   Thumb Code    74  glcd.o(.text)
    ColorSquareThroughPosition               0x00004891   Thumb Code    70  glcd.o(.text)
    DrawPawn                                 0x000048d7   Thumb Code   262  glcd.o(.text)
    moveTo                                   0x000049dd   Thumb Code   164  glcd.o(.text)
    display_grid                             0x00004a81   Thumb Code   348  glcd.o(.text)
    EINT0_IRQHandler                         0x00004c3b   Thumb Code    42  irq_button.o(.text)
    EINT1_IRQHandler                         0x00004c65   Thumb Code    42  irq_button.o(.text)
    EINT2_IRQHandler                         0x00004c8f   Thumb Code    42  irq_button.o(.text)
    BUTTON_init                              0x00004d17   Thumb Code   124  lib_button.o(.text)
    RIT_IRQHandler                           0x00004dcb   Thumb Code  1568  irq_rit.o(.text)
    enable_RIT                               0x00005421   Thumb Code    14  lib_rit.o(.text)
    disable_RIT                              0x0000542f   Thumb Code    14  lib_rit.o(.text)
    reset_RIT                                0x0000543d   Thumb Code     8  lib_rit.o(.text)
    init_RIT                                 0x00005445   Thumb Code    98  lib_rit.o(.text)
    convert_index_bts                        0x000054b5   Thumb Code    40  game.o(.text)
    convert_index_stb                        0x000054dd   Thumb Code     8  game.o(.text)
    convert_index_stb_wall                   0x000054e5   Thumb Code     6  game.o(.text)
    init_game_matrix                         0x000054eb   Thumb Code    40  game.o(.text)
    init_players                             0x00005513   Thumb Code    66  game.o(.text)
    init_game                                0x00005555   Thumb Code    62  game.o(.text)
    menu1_screen                             0x00005593   Thumb Code   132  game.o(.text)
    menu2_screen                             0x00005617   Thumb Code   132  game.o(.text)
    menu3_screen                             0x0000569b   Thumb Code   132  game.o(.text)
    waiting_to_play                          0x0000571f   Thumb Code   104  game.o(.text)
    color_mode                               0x00005787   Thumb Code   274  game.o(.text)
    color_moves                              0x00005899   Thumb Code   710  game.o(.text)
    find_possible_moves                      0x00005b5f   Thumb Code    16  game.o(.text)
    get_possible_moves                       0x00005b6f   Thumb Code  1944  game.o(.text)
    init_wall                                0x00006307   Thumb Code    14  game.o(.text)
    game_setup                               0x00006315   Thumb Code   216  game.o(.text)
    confirm_selection                        0x000063ed   Thumb Code   148  game.o(.text)
    reset_possible_moves                     0x00006481   Thumb Code    16  game.o(.text)
    check_move_validity                      0x00006491   Thumb Code  1822  game.o(.text)
    check_available_path                     0x00006baf   Thumb Code   434  game.o(.text)
    move_player                              0x00006d61   Thumb Code   760  game.o(.text)
    win_screen                               0x00007059   Thumb Code   176  game.o(.text)
    PlayNPCAction                            0x00007109   Thumb Code   480  game.o(.text)
    switch_turn                              0x000072e9   Thumb Code   264  game.o(.text)
    confirm_move                             0x000073f1   Thumb Code   216  game.o(.text)
    equal_position                           0x000074c9   Thumb Code    28  game.o(.text)
    delete_wall                              0x000074e5   Thumb Code  1738  game.o(.text)
    enable_move_mode                         0x00007baf   Thumb Code    94  game.o(.text)
    enable_wall_mode                         0x00007c0d   Thumb Code    42  game.o(.text)
    switch_mode                              0x00007c37   Thumb Code   236  game.o(.text)
    check_wall_validity                      0x00007d23   Thumb Code    60  game.o(.text)
    moveWall                                 0x00007d5f   Thumb Code    66  game.o(.text)
    move_wall                                0x00007da1   Thumb Code   190  game.o(.text)
    rotate_wall                              0x00007e5f   Thumb Code   130  game.o(.text)
    confirm_wall                             0x00007ee1   Thumb Code  1426  game.o(.text)
    reset_choice                             0x00008473   Thumb Code   386  game.o(.text)
    initial_screen                           0x000085f5   Thumb Code    66  game.o(.text)
    DrawPlayerMove                           0x00008637   Thumb Code   662  game.o(.text)
    joystick_init                            0x000088dd   Thumb Code   122  lib_joystick.o(.text)
    CAN_IRQHandler                           0x00008961   Thumb Code   152  irq_can.o(.text)
    CAN_setup                                0x00008a75   Thumb Code   140  lib_can.o(.text)
    CAN_start                                0x00008b01   Thumb Code    18  lib_can.o(.text)
    CAN_waitReady                            0x00008b13   Thumb Code    26  lib_can.o(.text)
    CAN_wrMsg                                0x00008b2d   Thumb Code    84  lib_can.o(.text)
    CAN_rdMsg                                0x00008b81   Thumb Code    52  lib_can.o(.text)
    CAN_wrFilter                             0x00008bb5   Thumb Code   822  lib_can.o(.text)
    CAN_Init                                 0x00008eeb   Thumb Code    42  lib_can.o(.text)
    get_legal_moves                          0x00008f25   Thumb Code  2198  agent.o(.text)
    check_wall_position                      0x000097bb   Thumb Code   622  agent.o(.text)
    compare_walls                            0x00009a29   Thumb Code    42  agent.o(.text)
    compare_positions1                       0x00009a53   Thumb Code    46  agent.o(.text)
    compare_positions2                       0x00009a81   Thumb Code    46  agent.o(.text)
    get_legal_actions                        0x00009aaf   Thumb Code   558  agent.o(.text)
    play_action                              0x00009cdd   Thumb Code   336  agent.o(.text)
    undo_action                              0x00009e2d   Thumb Code   292  agent.o(.text)
    is_terminal_state                        0x00009f51   Thumb Code    24  agent.o(.text)
    alpha_beta                               0x00009f69   Thumb Code   444  agent.o(.text)
    perform_action                           0x0000a125   Thumb Code   102  agent.o(.text)
    evaluate                                 0x0000a1ad   Thumb Code   208  evaluation.o(.text)
    QUEUEempty                               0x0000a291   Thumb Code    32  utils.o(.text)
    QUEUEput                                 0x0000a2b1   Thumb Code    52  utils.o(.text)
    QUEUEget                                 0x0000a2e5   Thumb Code    50  utils.o(.text)
    QUEUEinit                                0x0000a317   Thumb Code    24  utils.o(.text)
    init_player_bfs                          0x0000a32f   Thumb Code    20  utils.o(.text)
    QUEUE_add_moves                          0x0000a343   Thumb Code   194  utils.o(.text)
    bfs                                      0x0000a405   Thumb Code   156  utils.o(.text)
    distance_to_goal                         0x0000a4a1   Thumb Code   168  utils.o(.text)
    __2sprintf                               0x0000a569   Thumb Code    34  noretval__2sprintf.o(.text)
    _printf_pre_padding                      0x0000a591   Thumb Code    44  _printf_pad.o(.text)
    _printf_post_padding                     0x0000a5bd   Thumb Code    34  _printf_pad.o(.text)
    _printf_int_dec                          0x0000a5e1   Thumb Code   104  _printf_dec.o(.text)
    __printf                                 0x0000a659   Thumb Code   308  __printf_flags_wp.o(.text)
    qsort                                    0x0000a96f   Thumb Code   134  qsortnoex.o(.text)
    strcpy                                   0x0000a9f5   Thumb Code    72  strcpy.o(.text)
    strlen                                   0x0000aa3d   Thumb Code    62  strlen.o(.text)
    __aeabi_memcpy                           0x0000aa7b   Thumb Code     0  rt_memcpy_v6.o(.text)
    __rt_memcpy                              0x0000aa7b   Thumb Code   138  rt_memcpy_v6.o(.text)
    _memcpy_lastbytes                        0x0000aae1   Thumb Code     0  rt_memcpy_v6.o(.text)
    __aeabi_memcpy4                          0x0000ab05   Thumb Code     0  rt_memcpy_w.o(.text)
    __aeabi_memcpy8                          0x0000ab05   Thumb Code     0  rt_memcpy_w.o(.text)
    __rt_memcpy_w                            0x0000ab05   Thumb Code   100  rt_memcpy_w.o(.text)
    _memcpy_lastbytes_aligned                0x0000ab4d   Thumb Code     0  rt_memcpy_w.o(.text)
    strcmp                                   0x0000ab69   Thumb Code   128  strcmpv7m.o(.text)
    _printf_int_common                       0x0000abe9   Thumb Code   178  _printf_intcommon.o(.text)
    _printf_char_common                      0x0000aca7   Thumb Code    32  _printf_char_common.o(.text)
    _sputc                                   0x0000accd   Thumb Code    10  _sputc.o(.text)
    __user_setup_stackheap                   0x0000acd7   Thumb Code    74  sys_stackheap_outer.o(.text)
    exit                                     0x0000ad21   Thumb Code    18  exit.o(.text)
    __user_libspace                          0x0000ad35   Thumb Code     8  libspace.o(.text)
    __user_perproc_libspace                  0x0000ad35   Thumb Code     0  libspace.o(.text)
    __user_perthread_libspace                0x0000ad35   Thumb Code     0  libspace.o(.text)
    _sys_exit                                0x0000ad3d   Thumb Code     8  sys_exit.o(.text)
    _is_digit                                0x0000ad49   Thumb Code    14  __printf_wp.o(i._is_digit)
    CAN_BIT_TIME                             0x0000b348   Data          68  lib_can.o(.constdata)
    Region$$Table$$Base                      0x0000b3a0   Number         0  anon$$obj.o(Region$$Table)
    Region$$Table$$Limit                     0x0000b3d0   Number         0  anon$$obj.o(Region$$Table)
    SystemFrequency                          0x2007c000   Data           4  system_lpc17xx.o(.data)
    ScaleFlag                                0x2007c004   Data           1  system_lpc17xx.o(.data)
    timer0_count                             0x2007c008   Data           4  irq_timer.o(.data)
    index_color_map_white_pawn               0x2007c00c   Data          10  glcd.o(.data)
    index_color_map_red_pawn                 0x2007c016   Data          10  glcd.o(.data)
    pawn                                     0x2007c020   Data        2704  glcd.o(.data)
    size_square                              0x2007cab0   Data           4  glcd.o(.data)
    offset                                   0x2007cab4   Data           4  glcd.o(.data)
    margin                                   0x2007cab8   Data           4  glcd.o(.data)
    pressed                                  0x2007cac0   Data           4  irq_rit.o(.data)
    pressedK1                                0x2007cac4   Data           4  irq_rit.o(.data)
    pressedK2                                0x2007cac8   Data           4  irq_rit.o(.data)
    ind                                      0x2007cae0   Data           4  game.o(.data)
    turn                                     0x2007cae8   Data           4  game.o(.data)
    move_mode                                0x2007caec   Data           4  game.o(.data)
    difficoult                               0x2007caf0   Data           4  game.o(.data)
    minimizing                               0x2007caf4   Data           4  game.o(.data)
    maximizing                               0x2007caf8   Data           4  game.o(.data)
    current_player_id                        0x2007cafc   Data           4  irq_can.o(.data)
    icr                                      0x2007cb00   Data           1  lib_can.o(.data)
    result                                   0x2007cb04   Data           4  lib_can.o(.data)
    prunes                                   0x2007cb10   Data           4  agent.o(.data)
    game_matrix                              0x2007cb20   Data         900  game.o(.bss)
    moves                                    0x2007cea4   Data         400  game.o(.bss)
    p1                                       0x2007d034   Data          64  game.o(.bss)
    p2                                       0x2007d074   Data          64  game.o(.bss)
    w                                        0x2007d0b4   Data          12  game.o(.bss)
    game_mode                                0x2007d0c0   Data          12  game.o(.bss)
    CAN_TxMsg                                0x2007d0cc   Data          16  lib_can.o(.bss)
    CAN_RxMsg                                0x2007d0dc   Data          16  lib_can.o(.bss)
    __libspace_start                         0x2007e0b0   Data          96  libspace.o(.bss)
    __temporary_stack_top$libspace           0x2007e110   Data           0  libspace.o(.bss)



==============================================================================

Memory Map of the image

  Image Entry point : 0x000000cd

  Load Region LR_IROM1 (Base: 0x00000000, Size: 0x0000bef0, Max: 0x00080000, ABSOLUTE, COMPRESSED[0x0000b4bc])

    Execution Region ER_IROM1 (Exec base: 0x00000000, Load base: 0x00000000, Size: 0x0000b3d0, Max: 0x00080000, ABSOLUTE)

    Exec Addr    Load Addr    Size         Type   Attr      Idx    E Section Name        Object

    0x00000000   0x00000000   0x000000cc   Data   RO            3    RESET               startup_lpc17xx.o
    0x000000cc   0x000000cc   0x00000008   Code   RO          687  * !!!main             c_w.l(__main.o)
    0x000000d4   0x000000d4   0x00000034   Code   RO          857    !!!scatter          c_w.l(__scatter.o)
    0x00000108   0x00000108   0x0000005a   Code   RO          855    !!dczerorl2         c_w.l(__dczerorl2.o)
    0x00000162   0x00000162   0x00000002   PAD
    0x00000164   0x00000164   0x0000001c   Code   RO          859    !!handler_zi        c_w.l(__scatter_zi.o)
    0x00000180   0x00000180   0x00000000   Code   RO          672    .ARM.Collect$$_printf_percent$$00000000  c_w.l(_printf_percent.o)
    0x00000180   0x00000180   0x00000006   Code   RO          671    .ARM.Collect$$_printf_percent$$00000009  c_w.l(_printf_d.o)
    0x00000186   0x00000186   0x00000004   Code   RO          696    .ARM.Collect$$_printf_percent$$00000017  c_w.l(_printf_percent_end.o)
    0x0000018a   0x0000018a   0x00000002   Code   RO          723    .ARM.Collect$$libinit$$00000000  c_w.l(libinit.o)
    0x0000018c   0x0000018c   0x00000000   Code   RO          730    .ARM.Collect$$libinit$$00000002  c_w.l(libinit2.o)
    0x0000018c   0x0000018c   0x00000000   Code   RO          732    .ARM.Collect$$libinit$$00000004  c_w.l(libinit2.o)
    0x0000018c   0x0000018c   0x00000000   Code   RO          735    .ARM.Collect$$libinit$$0000000A  c_w.l(libinit2.o)
    0x0000018c   0x0000018c   0x00000000   Code   RO          737    .ARM.Collect$$libinit$$0000000C  c_w.l(libinit2.o)
    0x0000018c   0x0000018c   0x00000000   Code   RO          739    .ARM.Collect$$libinit$$0000000E  c_w.l(libinit2.o)
    0x0000018c   0x0000018c   0x00000000   Code   RO          742    .ARM.Collect$$libinit$$00000011  c_w.l(libinit2.o)
    0x0000018c   0x0000018c   0x00000000   Code   RO          744    .ARM.Collect$$libinit$$00000013  c_w.l(libinit2.o)
    0x0000018c   0x0000018c   0x00000000   Code   RO          746    .ARM.Collect$$libinit$$00000015  c_w.l(libinit2.o)
    0x0000018c   0x0000018c   0x00000000   Code   RO          748    .ARM.Collect$$libinit$$00000017  c_w.l(libinit2.o)
    0x0000018c   0x0000018c   0x00000000   Code   RO          750    .ARM.Collect$$libinit$$00000019  c_w.l(libinit2.o)
    0x0000018c   0x0000018c   0x00000000   Code   RO          752    .ARM.Collect$$libinit$$0000001B  c_w.l(libinit2.o)
    0x0000018c   0x0000018c   0x00000000   Code   RO          754    .ARM.Collect$$libinit$$0000001D  c_w.l(libinit2.o)
    0x0000018c   0x0000018c   0x00000000   Code   RO          756    .ARM.Collect$$libinit$$0000001F  c_w.l(libinit2.o)
    0x0000018c   0x0000018c   0x00000000   Code   RO          758    .ARM.Collect$$libinit$$00000021  c_w.l(libinit2.o)
    0x0000018c   0x0000018c   0x00000000   Code   RO          760    .ARM.Collect$$libinit$$00000023  c_w.l(libinit2.o)
    0x0000018c   0x0000018c   0x00000000   Code   RO          762    .ARM.Collect$$libinit$$00000025  c_w.l(libinit2.o)
    0x0000018c   0x0000018c   0x00000000   Code   RO          766    .ARM.Collect$$libinit$$0000002C  c_w.l(libinit2.o)
    0x0000018c   0x0000018c   0x00000000   Code   RO          768    .ARM.Collect$$libinit$$0000002E  c_w.l(libinit2.o)
    0x0000018c   0x0000018c   0x00000000   Code   RO          770    .ARM.Collect$$libinit$$00000030  c_w.l(libinit2.o)
    0x0000018c   0x0000018c   0x00000000   Code   RO          772    .ARM.Collect$$libinit$$00000032  c_w.l(libinit2.o)
    0x0000018c   0x0000018c   0x00000002   Code   RO          773    .ARM.Collect$$libinit$$00000033  c_w.l(libinit2.o)
    0x0000018e   0x0000018e   0x00000002   Code   RO          793    .ARM.Collect$$libshutdown$$00000000  c_w.l(libshutdown.o)
    0x00000190   0x00000190   0x00000000   Code   RO          806    .ARM.Collect$$libshutdown$$00000002  c_w.l(libshutdown2.o)
    0x00000190   0x00000190   0x00000000   Code   RO          808    .ARM.Collect$$libshutdown$$00000004  c_w.l(libshutdown2.o)
    0x00000190   0x00000190   0x00000000   Code   RO          810    .ARM.Collect$$libshutdown$$00000006  c_w.l(libshutdown2.o)
    0x00000190   0x00000190   0x00000000   Code   RO          813    .ARM.Collect$$libshutdown$$00000009  c_w.l(libshutdown2.o)
    0x00000190   0x00000190   0x00000000   Code   RO          816    .ARM.Collect$$libshutdown$$0000000C  c_w.l(libshutdown2.o)
    0x00000190   0x00000190   0x00000000   Code   RO          818    .ARM.Collect$$libshutdown$$0000000E  c_w.l(libshutdown2.o)
    0x00000190   0x00000190   0x00000000   Code   RO          821    .ARM.Collect$$libshutdown$$00000011  c_w.l(libshutdown2.o)
    0x00000190   0x00000190   0x00000002   Code   RO          822    .ARM.Collect$$libshutdown$$00000012  c_w.l(libshutdown2.o)
    0x00000192   0x00000192   0x00000000   Code   RO          689    .ARM.Collect$$rtentry$$00000000  c_w.l(__rtentry.o)
    0x00000192   0x00000192   0x00000000   Code   RO          698    .ARM.Collect$$rtentry$$00000002  c_w.l(__rtentry2.o)
    0x00000192   0x00000192   0x00000006   Code   RO          710    .ARM.Collect$$rtentry$$00000004  c_w.l(__rtentry4.o)
    0x00000198   0x00000198   0x00000000   Code   RO          700    .ARM.Collect$$rtentry$$00000009  c_w.l(__rtentry2.o)
    0x00000198   0x00000198   0x00000004   Code   RO          701    .ARM.Collect$$rtentry$$0000000A  c_w.l(__rtentry2.o)
    0x0000019c   0x0000019c   0x00000000   Code   RO          703    .ARM.Collect$$rtentry$$0000000C  c_w.l(__rtentry2.o)
    0x0000019c   0x0000019c   0x00000008   Code   RO          704    .ARM.Collect$$rtentry$$0000000D  c_w.l(__rtentry2.o)
    0x000001a4   0x000001a4   0x00000002   Code   RO          727    .ARM.Collect$$rtexit$$00000000  c_w.l(rtexit.o)
    0x000001a6   0x000001a6   0x00000000   Code   RO          775    .ARM.Collect$$rtexit$$00000002  c_w.l(rtexit2.o)
    0x000001a6   0x000001a6   0x00000004   Code   RO          776    .ARM.Collect$$rtexit$$00000003  c_w.l(rtexit2.o)
    0x000001aa   0x000001aa   0x00000006   Code   RO          777    .ARM.Collect$$rtexit$$00000004  c_w.l(rtexit2.o)
    0x000001b0   0x000001b0   0x00000034   Code   RO            5    .text               startup_lpc17xx.o
    0x000001e4   0x000001e4   0x00000064   Code   RO           16    .text               sample.o
    0x00000248   0x00000248   0x000000a8   Code   RO          170    .text               lib_timer.o
    0x000002f0   0x000002f0   0x00000006   Code   RO          685    .text               c_w.l(heapauxi.o)
    0x000002f6   0x000002f6   0x00000002   Code   RO          796    .text               c_w.l(use_no_semi.o)
    0x000002f8   0x000002f8   0x00000000   Code   RO          798    .text               c_w.l(indicate_semi.o)
    0x000002f8   0x000002f8   0x00000004   PAD
    0x000002fc   0x000002fc   0x00000004   Code   RO            4    .ARM.__at_0x02FC    startup_lpc17xx.o
    0x00000300   0x00000300   0x0000024c   Code   RO           96    .text               system_lpc17xx.o
    0x0000054c   0x0000054c   0x000000dc   Code   RO          123    .text               irq_timer.o
    0x00000628   0x00000628   0x00000020   Code   RO          195    .text               asciilib.o
    0x00000648   0x00000648   0x000045d4   Code   RO          215    .text               glcd.o
    0x00004c1c   0x00004c1c   0x000000b8   Code   RO          272    .text               irq_button.o
    0x00004cd4   0x00004cd4   0x000000d4   Code   RO          304    .text               lib_button.o
    0x00004da8   0x00004da8   0x00000678   Code   RO          332    .text               irq_rit.o
    0x00005420   0x00005420   0x00000094   Code   RO          376    .text               lib_rit.o
    0x000054b4   0x000054b4   0x00003428   Code   RO          404    .text               game.o
    0x000088dc   0x000088dc   0x00000084   Code   RO          462    .text               lib_joystick.o
    0x00008960   0x00008960   0x000000ac   Code   RO          486    .text               irq_can.o
    0x00008a0c   0x00008a0c   0x00000518   Code   RO          523    .text               lib_can.o
    0x00008f24   0x00008f24   0x00001288   Code   RO          555    .text               agent.o
    0x0000a1ac   0x0000a1ac   0x000000e4   Code   RO          599    .text               evaluation.o
    0x0000a290   0x0000a290   0x000002d8   Code   RO          615    .text               utils.o
    0x0000a568   0x0000a568   0x00000028   Code   RO          643    .text               c_w.l(noretval__2sprintf.o)
    0x0000a590   0x0000a590   0x0000004e   Code   RO          647    .text               c_w.l(_printf_pad.o)
    0x0000a5de   0x0000a5de   0x00000002   PAD
    0x0000a5e0   0x0000a5e0   0x00000078   Code   RO          649    .text               c_w.l(_printf_dec.o)
    0x0000a658   0x0000a658   0x00000138   Code   RO          663    .text               c_w.l(__printf_flags_wp.o)
    0x0000a790   0x0000a790   0x00000264   Code   RO          673    .text               c_w.l(qsortnoex.o)
    0x0000a9f4   0x0000a9f4   0x00000048   Code   RO          675    .text               c_w.l(strcpy.o)
    0x0000aa3c   0x0000aa3c   0x0000003e   Code   RO          677    .text               c_w.l(strlen.o)
    0x0000aa7a   0x0000aa7a   0x0000008a   Code   RO          679    .text               c_w.l(rt_memcpy_v6.o)
    0x0000ab04   0x0000ab04   0x00000064   Code   RO          681    .text               c_w.l(rt_memcpy_w.o)
    0x0000ab68   0x0000ab68   0x00000080   Code   RO          683    .text               c_w.l(strcmpv7m.o)
    0x0000abe8   0x0000abe8   0x000000b2   Code   RO          690    .text               c_w.l(_printf_intcommon.o)
    0x0000ac9a   0x0000ac9a   0x00000002   PAD
    0x0000ac9c   0x0000ac9c   0x00000030   Code   RO          692    .text               c_w.l(_printf_char_common.o)
    0x0000accc   0x0000accc   0x0000000a   Code   RO          694    .text               c_w.l(_sputc.o)
    0x0000acd6   0x0000acd6   0x0000004a   Code   RO          714    .text               c_w.l(sys_stackheap_outer.o)
    0x0000ad20   0x0000ad20   0x00000012   Code   RO          716    .text               c_w.l(exit.o)
    0x0000ad32   0x0000ad32   0x00000002   PAD
    0x0000ad34   0x0000ad34   0x00000008   Code   RO          724    .text               c_w.l(libspace.o)
    0x0000ad3c   0x0000ad3c   0x0000000c   Code   RO          785    .text               c_w.l(sys_exit.o)
    0x0000ad48   0x0000ad48   0x0000000e   Code   RO          661    i._is_digit         c_w.l(__printf_wp.o)
    0x0000ad56   0x0000ad56   0x000005f0   Data   RO          196    .constdata          asciilib.o
    0x0000b346   0x0000b346   0x00000002   PAD
    0x0000b348   0x0000b348   0x00000044   Data   RO          525    .constdata          lib_can.o
    0x0000b38c   0x0000b38c   0x00000011   Data   RO          664    .constdata          c_w.l(__printf_flags_wp.o)
    0x0000b39d   0x0000b39d   0x00000003   PAD
    0x0000b3a0   0x0000b3a0   0x00000030   Data   RO          853    Region$$Table       anon$$obj.o


    Execution Region RW_IRAM1 (Exec base: 0x10000000, Load base: 0x0000b3d0, Size: 0x00008000, Max: 0x00008000, ABSOLUTE)

    Exec Addr    Load Addr    Size         Type   Attr      Idx    E Section Name        Object

    0x10000000        -       0x00007fff   Zero   RW            1    STACK               startup_lpc17xx.o


    Execution Region RW_IRAM2 (Exec base: 0x2007c000, Load base: 0x0000b3d0, Size: 0x00002110, Max: 0x00008000, ABSOLUTE, COMPRESSED[0x000000ec])

    Exec Addr    Load Addr    Size         Type   Attr      Idx    E Section Name        Object

    0x2007c000   COMPRESSED   0x00000005   Data   RW           97    .data               system_lpc17xx.o
    0x2007c005   COMPRESSED   0x00000003   PAD
    0x2007c008   COMPRESSED   0x00000004   Data   RW          124    .data               irq_timer.o
    0x2007c00c   COMPRESSED   0x00000ab1   Data   RW          216    .data               glcd.o
    0x2007cabd   COMPRESSED   0x00000003   PAD
    0x2007cac0   COMPRESSED   0x00000020   Data   RW          333    .data               irq_rit.o
    0x2007cae0   COMPRESSED   0x0000001c   Data   RW          406    .data               game.o
    0x2007cafc   COMPRESSED   0x00000004   Data   RW          487    .data               irq_can.o
    0x2007cb00   COMPRESSED   0x00000010   Data   RW          526    .data               lib_can.o
    0x2007cb10   COMPRESSED   0x00000004   Data   RW          557    .data               agent.o
    0x2007cb14   COMPRESSED   0x0000000c   Data   RW          617    .data               utils.o
    0x2007cb20        -       0x000005ac   Zero   RW          405    .bss                game.o
    0x2007d0cc        -       0x00000020   Zero   RW          524    .bss                lib_can.o
    0x2007d0ec        -       0x00000fc4   Zero   RW          616    .bss                utils.o
    0x2007e0b0        -       0x00000060   Zero   RW          725    .bss                c_w.l(libspace.o)
    0x2007e110        -       0x00000000   Zero   RW            2    HEAP                startup_lpc17xx.o


==============================================================================

Image component sizes


      Code (inc. data)   RO Data    RW Data    ZI Data      Debug   Object Name

      4744         78          0          4          0       8806   agent.o
        32          6       1520          0          0        955   asciilib.o
       228         20          0          0          0        823   evaluation.o
     13352        750          0         28       1452      18284   game.o
     17876        168          0       2737          0      44820   glcd.o
       184         28          0          0          0        941   irq_button.o
       172         20          0          4          0        813   irq_can.o
      1656        102          0         32          0       2127   irq_rit.o
       220         58          0          4          0      17761   irq_timer.o
       212         22          0          0          0        898   lib_button.o
      1304         64         68         16         32       4216   lib_can.o
       132         10          0          0          0        436   lib_joystick.o
       148         14          0          0          0      27431   lib_rit.o
       168          4          0          0          0       1368   lib_timer.o
       100         18          0          0          0       5331   sample.o
        56         22        204          0      32767        960   startup_lpc17xx.o
       588         36          0          5          0        857   system_lpc17xx.o
       728         32          0         12       4036       3762   utils.o

    ----------------------------------------------------------------------
     41900       1452       1842       2848      38288     140589   Object Totals
         0          0         48          0          0          0   (incl. Generated)
         0          0          2          6          1          0   (incl. Padding)

    ----------------------------------------------------------------------

      Code (inc. data)   RO Data    RW Data    ZI Data      Debug   Library Member Name

        90          0          0          0          0          0   __dczerorl2.o
         8          0          0          0          0         68   __main.o
       312          4         17          0          0         92   __printf_flags_wp.o
        14          0          0          0          0         68   __printf_wp.o
         0          0          0          0          0          0   __rtentry.o
        12          0          0          0          0          0   __rtentry2.o
         6          0          0          0          0          0   __rtentry4.o
        52          8          0          0          0          0   __scatter.o
        28          0          0          0          0          0   __scatter_zi.o
        48          6          0          0          0         96   _printf_char_common.o
         6          0          0          0          0          0   _printf_d.o
       120         16          0          0          0         92   _printf_dec.o
       178          0          0          0          0         88   _printf_intcommon.o
        78          0          0          0          0        108   _printf_pad.o
         0          0          0          0          0          0   _printf_percent.o
         4          0          0          0          0          0   _printf_percent_end.o
        10          0          0          0          0         68   _sputc.o
        18          0          0          0          0         80   exit.o
         6          0          0          0          0        152   heapauxi.o
         0          0          0          0          0          0   indicate_semi.o
         2          0          0          0          0          0   libinit.o
         2          0          0          0          0          0   libinit2.o
         2          0          0          0          0          0   libshutdown.o
         2          0          0          0          0          0   libshutdown2.o
         8          4          0          0         96         68   libspace.o
        40          6          0          0          0         84   noretval__2sprintf.o
       612          0          0          0          0        136   qsortnoex.o
       138          0          0          0          0         68   rt_memcpy_v6.o
       100          0          0          0          0         80   rt_memcpy_w.o
         2          0          0          0          0          0   rtexit.o
        10          0          0          0          0          0   rtexit2.o
       128          0          0          0          0         68   strcmpv7m.o
        72          0          0          0          0         80   strcpy.o
        62          0          0          0          0         76   strlen.o
        12          4          0          0          0         68   sys_exit.o
        74          0          0          0          0         80   sys_stackheap_outer.o
         2          0          0          0          0         68   use_no_semi.o

    ----------------------------------------------------------------------
      2270         48         20          0         96       1788   Library Totals
        12          0          3          0          0          0   (incl. Padding)

    ----------------------------------------------------------------------

      Code (inc. data)   RO Data    RW Data    ZI Data      Debug   Library Name

      2258         48         17          0         96       1788   c_w.l

    ----------------------------------------------------------------------
      2270         48         20          0         96       1788   Library Totals

    ----------------------------------------------------------------------

==============================================================================


      Code (inc. data)   RO Data    RW Data    ZI Data      Debug   

     44170       1500       1862       2848      38384     140449   Grand Totals
     44170       1500       1862        236      38384     140449   ELF Image Totals (compressed)
     44170       1500       1862        236          0          0   ROM Totals

==============================================================================

    Total RO  Size (Code + RO Data)                46032 (  44.95kB)
    Total RW  Size (RW Data + ZI Data)             41232 (  40.27kB)
    Total ROM Size (Code + RO Data + RW Data)      46268 (  45.18kB)

==============================================================================

